Archive member included to satisfy reference by file (symbol)

/opt/gcc-arm-none-eabi-9-2020-q2-update/bin/../lib/gcc/arm-none-eabi/9.3.1/../../../../arm-none-eabi/lib/thumb/v7e-m+fp/hard/libc.a(lib_a-ctype_.o)
                              _build/nrf_log_str_formatter.o (_ctype_)
/opt/gcc-arm-none-eabi-9-2020-q2-update/bin/../lib/gcc/arm-none-eabi/9.3.1/../../../../arm-none-eabi/lib/thumb/v7e-m+fp/hard/libc.a(lib_a-exit.o)
                              /opt/gcc-arm-none-eabi-9-2020-q2-update/bin/../lib/gcc/arm-none-eabi/9.3.1/../../../../arm-none-eabi/lib/thumb/v7e-m+fp/hard/crt0.o (exit)
/opt/gcc-arm-none-eabi-9-2020-q2-update/bin/../lib/gcc/arm-none-eabi/9.3.1/../../../../arm-none-eabi/lib/thumb/v7e-m+fp/hard/libc.a(lib_a-impure.o)
                              /opt/gcc-arm-none-eabi-9-2020-q2-update/bin/../lib/gcc/arm-none-eabi/9.3.1/../../../../arm-none-eabi/lib/thumb/v7e-m+fp/hard/libc.a(lib_a-exit.o) (_global_impure_ptr)
/opt/gcc-arm-none-eabi-9-2020-q2-update/bin/../lib/gcc/arm-none-eabi/9.3.1/../../../../arm-none-eabi/lib/thumb/v7e-m+fp/hard/libc.a(lib_a-init.o)
                              /opt/gcc-arm-none-eabi-9-2020-q2-update/bin/../lib/gcc/arm-none-eabi/9.3.1/../../../../arm-none-eabi/lib/thumb/v7e-m+fp/hard/crt0.o (__libc_init_array)
/opt/gcc-arm-none-eabi-9-2020-q2-update/bin/../lib/gcc/arm-none-eabi/9.3.1/../../../../arm-none-eabi/lib/thumb/v7e-m+fp/hard/libc.a(lib_a-memcmp.o)
                              _build/nrf_twi_mngr.o (memcmp)
/opt/gcc-arm-none-eabi-9-2020-q2-update/bin/../lib/gcc/arm-none-eabi/9.3.1/../../../../arm-none-eabi/lib/thumb/v7e-m+fp/hard/libc.a(lib_a-memcpy.o)
                              _build/SEGGER_RTT.o (memcpy)
/opt/gcc-arm-none-eabi-9-2020-q2-update/bin/../lib/gcc/arm-none-eabi/9.3.1/../../../../arm-none-eabi/lib/thumb/v7e-m+fp/hard/libc.a(lib_a-memset.o)
                              /opt/gcc-arm-none-eabi-9-2020-q2-update/bin/../lib/gcc/arm-none-eabi/9.3.1/../../../../arm-none-eabi/lib/thumb/v7e-m+fp/hard/crt0.o (memset)
/opt/gcc-arm-none-eabi-9-2020-q2-update/bin/../lib/gcc/arm-none-eabi/9.3.1/../../../../arm-none-eabi/lib/thumb/v7e-m+fp/hard/libc.a(lib_a-printf.o)
                              _build/main.o (printf)
/opt/gcc-arm-none-eabi-9-2020-q2-update/bin/../lib/gcc/arm-none-eabi/9.3.1/../../../../arm-none-eabi/lib/thumb/v7e-m+fp/hard/libc.a(lib_a-setbuf.o)
                              _build/before_startup.o (setbuf)
/opt/gcc-arm-none-eabi-9-2020-q2-update/bin/../lib/gcc/arm-none-eabi/9.3.1/../../../../arm-none-eabi/lib/thumb/v7e-m+fp/hard/libc.a(lib_a-setvbuf.o)
                              /opt/gcc-arm-none-eabi-9-2020-q2-update/bin/../lib/gcc/arm-none-eabi/9.3.1/../../../../arm-none-eabi/lib/thumb/v7e-m+fp/hard/libc.a(lib_a-setbuf.o) (setvbuf)
/opt/gcc-arm-none-eabi-9-2020-q2-update/bin/../lib/gcc/arm-none-eabi/9.3.1/../../../../arm-none-eabi/lib/thumb/v7e-m+fp/hard/libc.a(lib_a-strcpy.o)
                              _build/SEGGER_RTT.o (strcpy)
/opt/gcc-arm-none-eabi-9-2020-q2-update/bin/../lib/gcc/arm-none-eabi/9.3.1/../../../../arm-none-eabi/lib/thumb/v7e-m+fp/hard/libc.a(lib_a-strlen.o)
                              _build/SEGGER_RTT.o (strlen)
/opt/gcc-arm-none-eabi-9-2020-q2-update/bin/../lib/gcc/arm-none-eabi/9.3.1/../../../../arm-none-eabi/lib/thumb/v7e-m+fp/hard/libc.a(lib_a-vfprintf.o)
                              /opt/gcc-arm-none-eabi-9-2020-q2-update/bin/../lib/gcc/arm-none-eabi/9.3.1/../../../../arm-none-eabi/lib/thumb/v7e-m+fp/hard/libc.a(lib_a-printf.o) (_vfprintf_r)
/opt/gcc-arm-none-eabi-9-2020-q2-update/bin/../lib/gcc/arm-none-eabi/9.3.1/../../../../arm-none-eabi/lib/thumb/v7e-m+fp/hard/libc.a(lib_a-wsetup.o)
                              /opt/gcc-arm-none-eabi-9-2020-q2-update/bin/../lib/gcc/arm-none-eabi/9.3.1/../../../../arm-none-eabi/lib/thumb/v7e-m+fp/hard/libc.a(lib_a-vfprintf.o) (__swsetup_r)
/opt/gcc-arm-none-eabi-9-2020-q2-update/bin/../lib/gcc/arm-none-eabi/9.3.1/../../../../arm-none-eabi/lib/thumb/v7e-m+fp/hard/libc.a(lib_a-__call_atexit.o)
                              /opt/gcc-arm-none-eabi-9-2020-q2-update/bin/../lib/gcc/arm-none-eabi/9.3.1/../../../../arm-none-eabi/lib/thumb/v7e-m+fp/hard/libc.a(lib_a-exit.o) (__call_exitprocs)
/opt/gcc-arm-none-eabi-9-2020-q2-update/bin/../lib/gcc/arm-none-eabi/9.3.1/../../../../arm-none-eabi/lib/thumb/v7e-m+fp/hard/libc.a(lib_a-atexit.o)
                              /opt/gcc-arm-none-eabi-9-2020-q2-update/bin/../lib/gcc/arm-none-eabi/9.3.1/../../../../arm-none-eabi/lib/thumb/v7e-m+fp/hard/libc.a(lib_a-__call_atexit.o) (atexit)
/opt/gcc-arm-none-eabi-9-2020-q2-update/bin/../lib/gcc/arm-none-eabi/9.3.1/../../../../arm-none-eabi/lib/thumb/v7e-m+fp/hard/libc.a(lib_a-dtoa.o)
                              /opt/gcc-arm-none-eabi-9-2020-q2-update/bin/../lib/gcc/arm-none-eabi/9.3.1/../../../../arm-none-eabi/lib/thumb/v7e-m+fp/hard/libc.a(lib_a-vfprintf.o) (_dtoa_r)
[...]
Memory Configuration

Name             Origin             Length             Attributes
FLASH            0x0000000000026000 0x00000000000d9000 xr
RAM              0x00000000200094b8 0x0000000000036b48 xrw
bootloader_settings_page 0x00000000000ff000 0x0000000000001000 r
uicr_bootloader_start_address 0x0000000010001014 0x0000000000000004 r
*default*        0x0000000000000000 0xffffffffffffffff

Linker script and memory map


.text           0x0000000000026000     0xc9a0
 *(.isr_vector)
 .isr_vector    0x0000000000026000      0x200 _build/gcc_startup_nrf52840.os
                0x0000000000026000                __isr_vector
 *(.text*)
 .text          0x0000000000026200       0x40 /opt/gcc-arm-none-eabi-9-2020-q2-update/bin/../lib/gcc/arm-none-eabi/9.3.1/thumb/v7e-m+fp/hard/crtbegin.o
 .text          0x0000000000026240       0x7c /opt/gcc-arm-none-eabi-9-2020-q2-update/bin/../lib/gcc/arm-none-eabi/9.3.1/../../../../arm-none-eabi/lib/thumb/v7e-m+fp/hard/crt0.o
                0x0000000000026240                _stack_init
                0x0000000000026248                _mainCRTStartup
                0x0000000000026248                _start
 .text.ble_evt_adv_report
                0x00000000000262bc        0xc _build/main.o
                0x00000000000262bc                ble_evt_adv_report
 .text.startup.main
                0x00000000000262c8       0x24 _build/main.o
                0x00000000000262c8                main
 .text.nrf_delay_ms.part.0
                0x00000000000262ec       0x1c _build/better_error_handling.o
 .text.app_error_fault_handler
                0x0000000000026308      0x14c _build/better_error_handling.o
                0x0000000000026308                app_error_fault_handler
 .text.HardFault_process
                0x0000000000026454       0xba _build/better_error_handling.o
                0x0000000000026454                HardFault_process
 .text._GetAvailWriteSpace
                0x000000000002650e       0x1c _build/SEGGER_RTT.o
 .text._WriteNoCheck
                0x000000000002652a       0x38 _build/SEGGER_RTT.o
 .text._WriteBlocking
                0x0000000000026562       0x52 _build/SEGGER_RTT.o
 .text._DoInit  0x00000000000265b4       0x60 _build/SEGGER_RTT.o
 .text.SEGGER_RTT_WriteNoLock
                0x0000000000026614       0x68 _build/SEGGER_RTT.o
                0x0000000000026614                SEGGER_RTT_WriteNoLock
 .text.SEGGER_RTT_Write
                0x000000000002667c       0x40 _build/SEGGER_RTT.o
                0x000000000002667c                SEGGER_RTT_Write
 .text._write_r
                0x00000000000266bc       0x12 _build/SEGGER_RTT_Syscalls_GCC.o
                0x00000000000266bc                _write_r
 .text.app_error_handler
                0x00000000000266ce       0x1a _build/app_error_handler_gcc.o
                0x00000000000266ce                app_error_handler
 .text.user_op_alloc
                0x00000000000266e8       0x2c _build/app_timer.o
 .text.timer_stop_op_schedule
                0x0000000000026714       0x50 _build/app_timer.o
 .text.nrfx_coredep_delay_us.part.0.constprop.0
                0x0000000000026764       0x10 _build/app_timer.o
 .text.RTC1_IRQHandler
                0x0000000000026774       0x9c _build/app_timer.o
                0x0000000000026774                RTC1_IRQHandler
 .text.SWI0_EGU0_IRQHandler
                0x0000000000026810      0x2b8 _build/app_timer.o
                0x0000000000026810                SWI0_EGU0_IRQHandler
 .text.app_timer_init
                0x0000000000026ac8       0x90 _build/app_timer.o
                0x0000000000026ac8                app_timer_init
 .text.app_timer_create
                0x0000000000026b58       0x24 _build/app_timer.o
                0x0000000000026b58                app_timer_create
 .text.app_timer_start
                0x0000000000026b7c       0x90 _build/app_timer.o
                0x0000000000026b7c                app_timer_start
 .text.app_timer_stop
                0x0000000000026c0c       0x20 _build/app_timer.o
                0x0000000000026c0c                app_timer_stop
 .text.privilege_level_get
                0x0000000000026c2c       0x1a _build/app_util_platform.o
                0x0000000000026c2c                privilege_level_get
 *fill*         0x0000000000026c46        0x2 
 .text.app_util_critical_region_enter
                0x0000000000026c48       0x60 _build/app_util_platform.o
                0x0000000000026c48                app_util_critical_region_enter
 .text.app_util_critical_region_exit
                0x0000000000026ca8       0x40 _build/app_util_platform.o
                0x0000000000026ca8                app_util_critical_region_exit
 .text.startup.called_first
                0x0000000000026ce8       0x10 _build/before_startup.o
                0x0000000000026ce8                called_first
 .text.HardFault_Handler
                0x0000000000026cf8       0x34 _build/hardfault_handler_gcc.o
                0x0000000000026cf8                HardFault_Handler
 .text.HardFault_c_handler
                0x0000000000026d2c      0x104 _build/hardfault_implementation.o
                0x0000000000026d2c                HardFault_c_handler
 .text.nrf_atomic_u32_fetch_store
                0x0000000000026e30       0x16 _build/nrf_atomic.o
                0x0000000000026e30                nrf_atomic_u32_fetch_store
 .text.nrf_atomic_u32_or
                0x0000000000026e46       0x18 _build/nrf_atomic.o
                0x0000000000026e46                nrf_atomic_u32_or
 .text.nrf_atomic_u32_fetch_and
                0x0000000000026e5e       0x18 _build/nrf_atomic.o
                0x0000000000026e5e                nrf_atomic_u32_fetch_and
 .text.nrf_atomic_u32_add
                0x0000000000026e76       0x18 _build/nrf_atomic.o
                0x0000000000026e76                nrf_atomic_u32_add
 .text.nrf_atomic_u32_sub
                0x0000000000026e8e       0x18 _build/nrf_atomic.o
                0x0000000000026e8e                nrf_atomic_u32_sub
 .text.nrf_atomic_flag_set
                0x0000000000026ea6        0x6 _build/nrf_atomic.o
                0x0000000000026ea6                nrf_atomic_flag_set
 .text.nrf_atomic_flag_clear_fetch
                0x0000000000026eac        0x6 _build/nrf_atomic.o
                0x0000000000026eac                nrf_atomic_flag_clear_fetch
 *fill*         0x0000000000026eb2        0x2 
 .text.nrf_balloc_alloc
                0x0000000000026eb4       0x5c _build/nrf_balloc.o
                0x0000000000026eb4                nrf_balloc_alloc
 .text.nrf_balloc_free
                0x0000000000026f10       0x50 _build/nrf_balloc.o
                0x0000000000026f10                nrf_balloc_free
 .text.clock_clk_started_notify
                0x0000000000026f60       0x24 _build/nrf_drv_clock.o
 .text.clock_irq_handler
                0x0000000000026f84       0x1c _build/nrf_drv_clock.o
 .text.soc_evt_handler
                0x0000000000026fa0       0x14 _build/nrf_drv_clock.o
 .text.nrf_drv_clock_init
                0x0000000000026fb4       0x38 _build/nrf_drv_clock.o
                0x0000000000026fb4                nrf_drv_clock_init
 .text.nrf_drv_clock_lfclk_release
                0x0000000000026fec       0x64 _build/nrf_drv_clock.o
                0x0000000000026fec                nrf_drv_clock_lfclk_release
 .text.sd_state_evt_handler
                0x0000000000027050       0x74 _build/nrf_drv_clock.o
 .text.invalid_packets_omit
                0x00000000000270c4       0x3a _build/nrf_log_frontend.o
 *fill*         0x00000000000270fe        0x2 
 .text.buf_prealloc
                0x0000000000027100      0x14c _build/nrf_log_frontend.o
 .text.buffer_is_empty
                0x000000000002724c       0x14 _build/nrf_log_frontend.o
                0x000000000002724c                buffer_is_empty
 .text.nrf_log_frontend_dequeue
                0x0000000000027260      0x220 _build/nrf_log_frontend.o
                0x0000000000027260                nrf_log_frontend_dequeue
 .text.std_n    0x0000000000027480       0xb8 _build/nrf_log_frontend.o
 .text.nrf_log_frontend_std_0
                0x0000000000027538        0x8 _build/nrf_log_frontend.o
                0x0000000000027538                nrf_log_frontend_std_0
 .text.nrf_log_frontend_std_1
                0x0000000000027540       0x12 _build/nrf_log_frontend.o
                0x0000000000027540                nrf_log_frontend_std_1
 .text.nrf_log_frontend_std_2
                0x0000000000027552       0x14 _build/nrf_log_frontend.o
                0x0000000000027552                nrf_log_frontend_std_2
 .text.nrf_log_frontend_std_3
                0x0000000000027566       0x18 _build/nrf_log_frontend.o
                0x0000000000027566                nrf_log_frontend_std_3
 .text.nrf_log_frontend_std_4
                0x000000000002757e       0x1c _build/nrf_log_frontend.o
                0x000000000002757e                nrf_log_frontend_std_4
 *fill*         0x000000000002759a        0x2 
 .text.nrf_log_panic
                0x000000000002759c       0x2c _build/nrf_log_frontend.o
                0x000000000002759c                nrf_log_panic
 .text.memobj_op
                0x00000000000275c8       0xa8 _build/nrf_memobj.o
 .text.nrf_memobj_free
                0x0000000000027670       0x2c _build/nrf_memobj.o
                0x0000000000027670                nrf_memobj_free
 .text.nrf_memobj_alloc
                0x000000000002769c       0x5e _build/nrf_memobj.o
                0x000000000002769c                nrf_memobj_alloc
 .text.nrf_memobj_get
                0x00000000000276fa        0x8 _build/nrf_memobj.o
                0x00000000000276fa                nrf_memobj_get
 .text.nrf_memobj_put
                0x0000000000027702       0x1e _build/nrf_memobj.o
                0x0000000000027702                nrf_memobj_put
 .text.nrf_memobj_write
                0x0000000000027720       0x28 _build/nrf_memobj.o
                0x0000000000027720                nrf_memobj_write
 .text.nrf_pwr_mgmt_init
                0x0000000000027748       0x2c _build/nrf_pwr_mgmt.o
                0x0000000000027748                nrf_pwr_mgmt_init
 .text.nrf_section_iter_init
                0x0000000000027774       0x30 _build/nrf_section_iter.o
                0x0000000000027774                nrf_section_iter_init
 .text.nrf_section_iter_next
                0x00000000000277a4       0x38 _build/nrf_section_iter.o
                0x00000000000277a4                nrf_section_iter_next
 .text.nrf_strerror_find
                0x00000000000277dc       0x3c _build/nrf_strerror.o
                0x00000000000277dc                nrf_strerror_find
 .text.nrf_strerror_get
                0x0000000000027818       0x14 _build/nrf_strerror.o
                0x0000000000027818                nrf_strerror_get
 .text.nrfx_clock_init
                0x000000000002782c       0x28 _build/nrfx_clock.o
                0x000000000002782c                nrfx_clock_init
 .text.nrfx_clock_enable
                0x0000000000027854       0x3c _build/nrfx_clock.o
                0x0000000000027854                nrfx_clock_enable
 .text.nrfx_clock_lfclk_stop
                0x0000000000027890       0x30 _build/nrfx_clock.o
                0x0000000000027890                nrfx_clock_lfclk_stop
 .text.POWER_CLOCK_IRQHandler
                0x00000000000278c0       0x64 _build/nrfx_clock.o
                0x00000000000278c0                POWER_CLOCK_IRQHandler
 .text.nrf_gpiote_event_clear
                0x0000000000027924       0x18 _build/nrfx_gpiote.o
 .text.channel_free
                0x000000000002793c       0x1c _build/nrfx_gpiote.o
 .text.nrf_gpio_pin_port_decode
                0x0000000000027958       0x30 _build/nrfx_gpiote.o
 .text.nrf_gpio_cfg_sense_set
                0x0000000000027988       0x2e _build/nrfx_gpiote.o
 *fill*         0x00000000000279b6        0x2 
 .text.nrf_gpio_ports_read.constprop.0
                0x00000000000279b8       0x18 _build/nrfx_gpiote.o
 .text.nrfx_gpiote_init
                0x00000000000279d0       0x70 _build/nrfx_gpiote.o
                0x00000000000279d0                nrfx_gpiote_init
 .text.nrfx_gpiote_is_init
                0x0000000000027a40       0x14 _build/nrfx_gpiote.o
                0x0000000000027a40                nrfx_gpiote_is_init
 .text.nrfx_gpiote_out_init
                0x0000000000027a54      0x114 _build/nrfx_gpiote.o
                0x0000000000027a54                nrfx_gpiote_out_init
 .text.nrfx_gpiote_out_set
                0x0000000000027b68       0x5c _build/nrfx_gpiote.o
                0x0000000000027b68                nrfx_gpiote_out_set
 .text.nrfx_gpiote_out_clear
                0x0000000000027bc4       0x5c _build/nrfx_gpiote.o
                0x0000000000027bc4                nrfx_gpiote_out_clear
 .text.GPIOTE_IRQHandler
                0x0000000000027c20      0x1a8 _build/nrfx_gpiote.o
                0x0000000000027c20                GPIOTE_IRQHandler
 .text.UARTE0_UART0_IRQHandler
                0x0000000000027dc8       0x20 _build/nrfx_prs.o
                0x0000000000027dc8                UARTE0_UART0_IRQHandler
 .text.nrf_pwm_event_clear
                0x0000000000027de8       0x10 _build/nrfx_pwm.o
 .text.irq_handler
                0x0000000000027df8       0x80 _build/nrfx_pwm.o
 .text.PWM0_IRQHandler
                0x0000000000027e78       0x10 _build/nrfx_pwm.o
                0x0000000000027e78                PWM0_IRQHandler
 .text.PWM1_IRQHandler
                0x0000000000027e88       0x10 _build/nrfx_pwm.o
                0x0000000000027e88                PWM1_IRQHandler
 .text.PWM2_IRQHandler
                0x0000000000027e98       0x10 _build/nrfx_pwm.o
                0x0000000000027e98                PWM2_IRQHandler
 .text.nrf_saadc_event_clear
                0x0000000000027ea8       0x18 _build/nrfx_saadc.o
 .text.SAADC_IRQHandler
                0x0000000000027ec0      0x160 _build/nrfx_saadc.o
                0x0000000000027ec0                SAADC_IRQHandler
 .text.nrf_gpio_pin_port_decode
                0x0000000000028020       0x30 _build/nrfx_spim.o
 .text.nrf_gpio_pin_clear
                0x0000000000028050       0x1a _build/nrfx_spim.o
 .text.nrf_gpio_pin_set
                0x000000000002806a       0x1a _build/nrfx_spim.o
 .text.SPIM1_SPIS1_TWIM1_TWIS1_SPI1_TWI1_IRQHandler
                0x0000000000028084       0x64 _build/nrfx_spim.o
                0x0000000000028084                SPIM1_SPIS1_TWIM1_TWIS1_SPI1_TWI1_IRQHandler
 .text.irq_handler.constprop.0
                0x00000000000280e8       0x4c _build/nrfx_timer.o
 .text.TIMER0_IRQHandler
                0x0000000000028134       0x10 _build/nrfx_timer.o
                0x0000000000028134                TIMER0_IRQHandler
 .text.TIMER1_IRQHandler
                0x0000000000028144       0x10 _build/nrfx_timer.o
                0x0000000000028144                TIMER1_IRQHandler
 .text.nrf_twim_event_clear
                0x0000000000028154       0x10 _build/nrfx_twim.o
 .text.SPIM0_SPIS0_TWIM0_TWIS0_SPI0_TWI0_IRQHandler
                0x0000000000028164      0x154 _build/nrfx_twim.o
                0x0000000000028164                SPIM0_SPIS0_TWIM0_TWIS0_SPI0_TWI0_IRQHandler
 .text.sd_ble_gap_addr_get
                0x00000000000282b8        0x4 _build/ble_advdata.o
 .text.sd_ble_gap_appearance_get
                0x00000000000282bc        0x4 _build/ble_advdata.o
 .text.sd_ble_gap_device_name_get
                0x00000000000282c0        0x4 _build/ble_advdata.o
 .text.sd_ble_uuid_encode
                0x00000000000282c4        0x4 _build/ble_advdata.o
 .text.uuid_list_sized_encode
                0x00000000000282c8       0xac _build/ble_advdata.o
 .text.uuid_list_encode
                0x0000000000028374       0x38 _build/ble_advdata.o
 .text.ble_advdata_encode
                0x00000000000283ac      0x394 _build/ble_advdata.o
                0x00000000000283ac                ble_advdata_encode
 .text.ble_advdata_search
                0x0000000000028740       0x38 _build/ble_advdata.o
                0x0000000000028740                ble_advdata_search
 .text.ble_advdata_parse
                0x0000000000028778       0x20 _build/ble_advdata.o
                0x0000000000028778                ble_advdata_parse
 .text.sd_ble_gap_adv_set_configure
                0x0000000000028798        0x4 _build/ble_advertising.o
 .text.sd_ble_gap_adv_start
                0x000000000002879c        0x4 _build/ble_advertising.o
 .text.flags_set
                0x00000000000287a0       0x2c _build/ble_advertising.o
 .text.ble_advertising_conn_cfg_tag_set
                0x00000000000287cc        0x6 _build/ble_advertising.o
                0x00000000000287cc                ble_advertising_conn_cfg_tag_set
 .text.ble_advertising_init
                0x00000000000287d2       0xfe _build/ble_advertising.o
                0x00000000000287d2                ble_advertising_init
 .text.ble_advertising_start
                0x00000000000288d0      0x21a _build/ble_advertising.o
                0x00000000000288d0                ble_advertising_start
 .text.ble_advertising_on_ble_evt
                0x0000000000028aea       0x6a _build/ble_advertising.o
                0x0000000000028aea                ble_advertising_on_ble_evt
 .text.ble_advertising_on_sys_evt
                0x0000000000028b54        0x2 _build/ble_advertising.o
                0x0000000000028b54                ble_advertising_on_sys_evt
 .text.sd_ble_gap_conn_param_update
                0x0000000000028b56        0x4 _build/ble_conn_params.o
 .text.sd_ble_gap_disconnect
                0x0000000000028b5a        0x4 _build/ble_conn_params.o
 .text.sd_ble_gap_ppcp_set
                0x0000000000028b5e        0x4 _build/ble_conn_params.o
 .text.sd_ble_gap_ppcp_get
                0x0000000000028b62        0x4 _build/ble_conn_params.o
 *fill*         0x0000000000028b66        0x2 
 .text.instance_get
                0x0000000000028b68       0x14 _build/ble_conn_params.o
 .text.send_error_evt
                0x0000000000028b7c       0x10 _build/ble_conn_params.o
 .text.update_timeout_handler
                0x0000000000028b8c       0x6c _build/ble_conn_params.o
 .text.conn_params_negotiation
                0x0000000000028bf8       0x48 _build/ble_conn_params.o
 .text.is_conn_params_ok.constprop.0
                0x0000000000028c40       0x34 _build/ble_conn_params.o
 .text.ble_evt_handler
                0x0000000000028c74       0xe0 _build/ble_conn_params.o
 .text.ble_conn_params_init
                0x0000000000028d54       0x74 _build/ble_conn_params.o
                0x0000000000028d54                ble_conn_params_init
 .text.ble_srv_is_notification_enabled
                0x0000000000028dc8        0x8 _build/ble_srv_common.o
                0x0000000000028dc8                ble_srv_is_notification_enabled
 .text.sd_ble_gap_data_length_update
                0x0000000000028dd0        0x4 _build/nrf_ble_gatt.o
 .text.sd_ble_gattc_exchange_mtu_request
                0x0000000000028dd4        0x4 _build/nrf_ble_gatt.o
 .text.sd_ble_gatts_exchange_mtu_reply
                0x0000000000028dd8        0x4 _build/nrf_ble_gatt.o
 .text.data_length_update
                0x0000000000028ddc       0x80 _build/nrf_ble_gatt.o
 .text.nrf_ble_gatt_init
                0x0000000000028e5c       0x28 _build/nrf_ble_gatt.o
                0x0000000000028e5c                nrf_ble_gatt_init
 .text.nrf_ble_gatt_on_ble_evt
                0x0000000000028e84      0x198 _build/nrf_ble_gatt.o
                0x0000000000028e84                nrf_ble_gatt_on_ble_evt
 .text.sd_ble_gatts_rw_authorize_reply
                0x000000000002901c        0x4 _build/nrf_ble_qwr.o
 .text.sd_ble_user_mem_reply
                0x0000000000029020        0x4 _build/nrf_ble_qwr.o
 .text.user_mem_reply.part.0
                0x0000000000029024       0x24 _build/nrf_ble_qwr.o
 .text.nrf_ble_qwr_init
                0x0000000000029048       0x24 _build/nrf_ble_qwr.o
                0x0000000000029048                nrf_ble_qwr_init
 .text.nrf_ble_qwr_conn_handle_assign
                0x000000000002906c       0x16 _build/nrf_ble_qwr.o
                0x000000000002906c                nrf_ble_qwr_conn_handle_assign
 .text.nrf_ble_qwr_on_ble_evt
                0x0000000000029082       0xa0 _build/nrf_ble_qwr.o
                0x0000000000029082                nrf_ble_qwr_on_ble_evt
 .text.sd_softdevice_enable
                0x0000000000029122        0x4 _build/nrf_sdh.o
 *fill*         0x0000000000029126        0x2 
 .text.sdh_request_observer_notify
                0x0000000000029128       0x30 _build/nrf_sdh.o
 .text.sdh_state_observer_notify
                0x0000000000029158       0x28 _build/nrf_sdh.o
 .text.softdevices_evt_irq_enable
                0x0000000000029180       0x40 _build/nrf_sdh.o
 .text.nrf_sdh_enable_request
                0x00000000000291c0       0x7c _build/nrf_sdh.o
                0x00000000000291c0                nrf_sdh_enable_request
 .text.nrf_sdh_is_enabled
                0x000000000002923c        0xc _build/nrf_sdh.o
                0x000000000002923c                nrf_sdh_is_enabled
 .text.nrf_sdh_evts_poll
                0x0000000000029248       0x28 _build/nrf_sdh.o
                0x0000000000029248                nrf_sdh_evts_poll
 .text.SWI2_EGU2_IRQHandler
                0x0000000000029270        0x4 _build/nrf_sdh.o
                0x0000000000029270                SWI2_EGU2_IRQHandler
 .text.sd_ble_enable
                0x0000000000029274        0x4 _build/nrf_sdh_ble.o
 .text.sd_ble_cfg_set
                0x0000000000029278        0x4 _build/nrf_sdh_ble.o
 .text.sd_ble_evt_get
                0x000000000002927c        0x4 _build/nrf_sdh_ble.o
 .text.nrf_sdh_ble_evts_poll.part.0
                0x0000000000029280       0x58 _build/nrf_sdh_ble.o
 .text.nrf_sdh_ble_evts_poll
                0x00000000000292d8       0x10 _build/nrf_sdh_ble.o
 .text.nrf_sdh_ble_default_cfg_set
                0x00000000000292e8      0x1a4 _build/nrf_sdh_ble.o
                0x00000000000292e8                nrf_sdh_ble_default_cfg_set
 .text.nrf_sdh_ble_enable
                0x000000000002948c       0x98 _build/nrf_sdh_ble.o
                0x000000000002948c                nrf_sdh_ble_enable
 .text.sd_ble_gap_addr_set
                0x0000000000029524        0x4 _build/simple_ble.o
 .text.sd_ble_gap_adv_stop
                0x0000000000029528        0x4 _build/simple_ble.o
 .text.sd_ble_gap_disconnect
                0x000000000002952c        0x4 _build/simple_ble.o
 .text.sd_ble_gap_appearance_set
                0x0000000000029530        0x4 _build/simple_ble.o
 .text.sd_ble_gap_ppcp_set
                0x0000000000029534        0x4 _build/simple_ble.o
 .text.sd_ble_gap_device_name_set
                0x0000000000029538        0x4 _build/simple_ble.o
 .text.sd_ble_gap_sec_params_reply
                0x000000000002953c        0x4 _build/simple_ble.o
 .text.sd_ble_gap_sec_info_reply
                0x0000000000029540        0x4 _build/simple_ble.o
 .text.sd_ble_gap_scan_start
                0x0000000000029544        0x4 _build/simple_ble.o
 .text.sd_ble_gap_phy_update
                0x0000000000029548        0x4 _build/simple_ble.o
 .text.sd_ble_gatts_sys_attr_set
                0x000000000002954c        0x4 _build/simple_ble.o
 .text.sd_power_system_off
                0x0000000000029550        0x4 _build/simple_ble.o
 .text.sd_app_evt_wait
                0x0000000000029554        0x4 _build/simple_ble.o
 .text.on_adv_evt
                0x0000000000029558        0x2 _build/simple_ble.o
 *fill*         0x000000000002955a        0x2 
 .text.on_ble_evt
                0x000000000002955c      0x234 _build/simple_ble.o
 .text.conn_params_error_handler
                0x0000000000029790       0x10 _build/simple_ble.o
 .text.on_conn_params_evt
                0x00000000000297a0       0x24 _build/simple_ble.o
 .text.qwr_error_handler
                0x00000000000297c4       0x10 _build/simple_ble.o
 .text.assert_nrf_callback
                0x00000000000297d4       0x24 _build/simple_ble.o
                0x00000000000297d4                assert_nrf_callback
 .text.ble_address_set
                0x00000000000297f8       0x6c _build/simple_ble.o
                0x00000000000297f8                ble_address_set
 .text.ble_stack_init
                0x0000000000029864       0x4c _build/simple_ble.o
                0x0000000000029864                ble_stack_init
 .text.gap_params_init
                0x00000000000298b0       0x80 _build/simple_ble.o
                0x00000000000298b0                gap_params_init
 .text.advertising_init
                0x0000000000029930       0x6c _build/simple_ble.o
                0x0000000000029930                advertising_init
 .text.conn_params_init
                0x000000000002999c       0x58 _build/simple_ble.o
                0x000000000002999c                conn_params_init
 .text.services_init
                0x00000000000299f4       0x2c _build/simple_ble.o
                0x00000000000299f4                services_init
 .text.initialize_app_timer
                0x0000000000029a20       0x18 _build/simple_ble.o
                0x0000000000029a20                initialize_app_timer
 .text.advertising_stop
                0x0000000000029a38       0x28 _build/simple_ble.o
                0x0000000000029a38                advertising_stop
 .text.scanning_start
                0x0000000000029a60       0x24 _build/simple_ble.o
                0x0000000000029a60                scanning_start
 .text.power_manage
                0x0000000000029a84       0x18 _build/simple_ble.o
                0x0000000000029a84                power_manage
 .text.simple_ble_init
                0x0000000000029a9c       0x90 _build/simple_ble.o
                0x0000000000029a9c                simple_ble_init
 .text.errata_98
                0x0000000000029b2c       0x20 _build/system_nrf52840.o
 .text.SystemInit
                0x0000000000029b4c      0x1b8 _build/system_nrf52840.o
                0x0000000000029b4c                SystemInit
 .text          0x0000000000029d04       0x3c _build/gcc_startup_nrf52840.os
                0x0000000000029d04                Reset_Handler
                0x0000000000029d2c                NMI_Handler
                0x0000000000029d30                MemoryManagement_Handler
                0x0000000000029d32                BusFault_Handler
                0x0000000000029d34                UsageFault_Handler
                0x0000000000029d36                SVC_Handler
                0x0000000000029d38                DebugMon_Handler
                0x0000000000029d3a                PendSV_Handler
                0x0000000000029d3c                SysTick_Handler
                0x0000000000029d3e                TIMER2_IRQHandler
                0x0000000000029d3e                RTC0_IRQHandler
                0x0000000000029d3e                RADIO_IRQHandler
                0x0000000000029d3e                PDM_IRQHandler
                0x0000000000029d3e                TEMP_IRQHandler
                0x0000000000029d3e                QDEC_IRQHandler
                0x0000000000029d3e                TIMER3_IRQHandler
                0x0000000000029d3e                PWM3_IRQHandler
                0x0000000000029d3e                FPU_IRQHandler
                0x0000000000029d3e                USBD_IRQHandler
                0x0000000000029d3e                TIMER4_IRQHandler
                0x0000000000029d3e                CRYPTOCELL_IRQHandler
                0x0000000000029d3e                I2S_IRQHandler
                0x0000000000029d3e                SWI4_EGU4_IRQHandler
                0x0000000000029d3e                UARTE1_IRQHandler
                0x0000000000029d3e                SPIM3_IRQHandler
                0x0000000000029d3e                ECB_IRQHandler
                0x0000000000029d3e                Default_Handler
                0x0000000000029d3e                CCM_AAR_IRQHandler
                0x0000000000029d3e                WDT_IRQHandler
                0x0000000000029d3e                SWI5_EGU5_IRQHandler
                0x0000000000029d3e                RNG_IRQHandler
                0x0000000000029d3e                RTC2_IRQHandler
                0x0000000000029d3e                SWI3_EGU3_IRQHandler
                0x0000000000029d3e                SWI1_EGU1_IRQHandler
                0x0000000000029d3e                SPIM2_SPIS2_SPI2_IRQHandler
                0x0000000000029d3e                NFCT_IRQHandler
                0x0000000000029d3e                MWU_IRQHandler
                0x0000000000029d3e                QSPI_IRQHandler
                0x0000000000029d3e                COMP_LPCOMP_IRQHandler
 .text.exit     0x0000000000029d40       0x20 /opt/gcc-arm-none-eabi-9-2020-q2-update/bin/../lib/gcc/arm-none-eabi/9.3.1/../../../../arm-none-eabi/lib/thumb/v7e-m+fp/hard/libc.a(lib_a-exit.o)
                0x0000000000029d40                exit
 .text.__libc_init_array
                0x0000000000029d60       0x48 /opt/gcc-arm-none-eabi-9-2020-q2-update/bin/../lib/gcc/arm-none-eabi/9.3.1/../../../../arm-none-eabi/lib/thumb/v7e-m+fp/hard/libc.a(lib_a-init.o)
                0x0000000000029d60                __libc_init_array
 .text          0x0000000000029da8      0x134 /opt/gcc-arm-none-eabi-9-2020-q2-update/bin/../lib/gcc/arm-none-eabi/9.3.1/../../../../arm-none-eabi/lib/thumb/v7e-m+fp/hard/libc.a(lib_a-memcpy.o)
                0x0000000000029da8                memcpy
 .text.memset   0x0000000000029edc       0xa0 /opt/gcc-arm-none-eabi-9-2020-q2-update/bin/../lib/gcc/arm-none-eabi/9.3.1/../../../../arm-none-eabi/lib/thumb/v7e-m+fp/hard/libc.a(lib_a-memset.o)
                0x0000000000029edc                memset
 .text.printf   0x0000000000029f7c       0x28 /opt/gcc-arm-none-eabi-9-2020-q2-update/bin/../lib/gcc/arm-none-eabi/9.3.1/../../../../arm-none-eabi/lib/thumb/v7e-m+fp/hard/libc.a(lib_a-printf.o)
                0x0000000000029f7c                printf
 .text.setbuf   0x0000000000029fa4       0x10 /opt/gcc-arm-none-eabi-9-2020-q2-update/bin/../lib/gcc/arm-none-eabi/9.3.1/../../../../arm-none-eabi/lib/thumb/v7e-m+fp/hard/libc.a(lib_a-setbuf.o)
                0x0000000000029fa4                setbuf
 .text.setvbuf  0x0000000000029fb4      0x1a0 /opt/gcc-arm-none-eabi-9-2020-q2-update/bin/../lib/gcc/arm-none-eabi/9.3.1/../../../../arm-none-eabi/lib/thumb/v7e-m+fp/hard/libc.a(lib_a-setvbuf.o)
                0x0000000000029fb4                setvbuf
 .text.strcpy   0x000000000002a154       0xbc /opt/gcc-arm-none-eabi-9-2020-q2-update/bin/../lib/gcc/arm-none-eabi/9.3.1/../../../../arm-none-eabi/lib/thumb/v7e-m+fp/hard/libc.a(lib_a-strcpy.o)
                0x000000000002a154                strcpy
 *fill*         0x000000000002a210       0x30 
 .text          0x000000000002a240       0xdc /opt/gcc-arm-none-eabi-9-2020-q2-update/bin/../lib/gcc/arm-none-eabi/9.3.1/../../../../arm-none-eabi/lib/thumb/v7e-m+fp/hard/libc.a(lib_a-strlen.o)
                0x000000000002a240                strlen
 *fill*         0x000000000002a31c        0x4 
 .text._vfprintf_r
                0x000000000002a320     0x1be0 /opt/gcc-arm-none-eabi-9-2020-q2-update/bin/../lib/gcc/arm-none-eabi/9.3.1/../../../../arm-none-eabi/lib/thumb/v7e-m+fp/hard/libc.a(lib_a-vfprintf.o)
                0x000000000002a320                _vfprintf_r
 .text.__sbprintf
                0x000000000002bf00       0x84 /opt/gcc-arm-none-eabi-9-2020-q2-update/bin/../lib/gcc/arm-none-eabi/9.3.1/../../../../arm-none-eabi/lib/thumb/v7e-m+fp/hard/libc.a(lib_a-vfprintf.o)
 .text.__swsetup_r
                0x000000000002bf84       0xd0 /opt/gcc-arm-none-eabi-9-2020-q2-update/bin/../lib/gcc/arm-none-eabi/9.3.1/../../../../arm-none-eabi/lib/thumb/v7e-m+fp/hard/libc.a(lib_a-wsetup.o)
                0x000000000002bf84                __swsetup_r
 .text.startup.register_fini
                0x000000000002c054       0x14 /opt/gcc-arm-none-eabi-9-2020-q2-update/bin/../lib/gcc/arm-none-eabi/9.3.1/../../../../arm-none-eabi/lib/thumb/v7e-m+fp/hard/libc.a(lib_a-__call_atexit.o)
 .text.__call_exitprocs
                0x000000000002c068       0xcc /opt/gcc-arm-none-eabi-9-2020-q2-update/bin/../lib/gcc/arm-none-eabi/9.3.1/../../../../arm-none-eabi/lib/thumb/v7e-m+fp/hard/libc.a(lib_a-__call_atexit.o)
                0x000000000002c068                __call_exitprocs
 .text.atexit   0x000000000002c134        0xc /opt/gcc-arm-none-eabi-9-2020-q2-update/bin/../lib/gcc/arm-none-eabi/9.3.1/../../../../arm-none-eabi/lib/thumb/v7e-m+fp/hard/libc.a(lib_a-atexit.o)
                0x000000000002c134                atexit
 .text.quorem   0x000000000002c140      0x11c /opt/gcc-arm-none-eabi-9-2020-q2-update/bin/../lib/gcc/arm-none-eabi/9.3.1/../../../../arm-none-eabi/lib/thumb/v7e-m+fp/hard/libc.a(lib_a-dtoa.o)
 *fill*         0x000000000002c25c        0x4 
 .text._dtoa_r  0x000000000002c260      0xf44 /opt/gcc-arm-none-eabi-9-2020-q2-update/bin/../lib/gcc/arm-none-eabi/9.3.1/../../../../arm-none-eabi/lib/thumb/v7e-m+fp/hard/libc.a(lib_a-dtoa.o)
                0x000000000002c260                _dtoa_r
 .text.__sflush_r
                0x000000000002d1a4      0x130 /opt/gcc-arm-none-eabi-9-2020-q2-update/bin/../lib/gcc/arm-none-eabi/9.3.1/../../../../arm-none-eabi/lib/thumb/v7e-m+fp/hard/libc.a(lib_a-fflush.o)
                0x000000000002d1a4                __sflush_r
 .text._fflush_r
                0x000000000002d2d4       0x5c /opt/gcc-arm-none-eabi-9-2020-q2-update/bin/../lib/gcc/arm-none-eabi/9.3.1/../../../../arm-none-eabi/lib/thumb/v7e-m+fp/hard/libc.a(lib_a-fflush.o)
                0x000000000002d2d4                _fflush_r
 .text.std      0x000000000002d330       0x50 /opt/gcc-arm-none-eabi-9-2020-q2-update/bin/../lib/gcc/arm-none-eabi/9.3.1/../../../../arm-none-eabi/lib/thumb/v7e-m+fp/hard/libc.a(lib_a-findfp.o)
 .text._cleanup_r
                0x000000000002d380        0xc /opt/gcc-arm-none-eabi-9-2020-q2-update/bin/../lib/gcc/arm-none-eabi/9.3.1/../../../../arm-none-eabi/lib/thumb/v7e-m+fp/hard/libc.a(lib_a-findfp.o)
                0x000000000002d380                _cleanup_r
 .text.__sinit  0x000000000002d38c       0x54 /opt/gcc-arm-none-eabi-9-2020-q2-update/bin/../lib/gcc/arm-none-eabi/9.3.1/../../../../arm-none-eabi/lib/thumb/v7e-m+fp/hard/libc.a(lib_a-findfp.o)
                0x000000000002d38c                __sinit
 .text.__sfp_lock_acquire
                0x000000000002d3e0        0xc /opt/gcc-arm-none-eabi-9-2020-q2-update/bin/../lib/gcc/arm-none-eabi/9.3.1/../../../../arm-none-eabi/lib/thumb/v7e-m+fp/hard/libc.a(lib_a-findfp.o)
                0x000000000002d3e0                __sfp_lock_acquire
 .text.__sfp_lock_release
                0x000000000002d3ec        0xc /opt/gcc-arm-none-eabi-9-2020-q2-update/bin/../lib/gcc/arm-none-eabi/9.3.1/../../../../arm-none-eabi/lib/thumb/v7e-m+fp/hard/libc.a(lib_a-findfp.o)
                0x000000000002d3ec                __sfp_lock_release
 .text.__libc_fini_array
                0x000000000002d3f8       0x2c /opt/gcc-arm-none-eabi-9-2020-q2-update/bin/../lib/gcc/arm-none-eabi/9.3.1/../../../../arm-none-eabi/lib/thumb/v7e-m+fp/hard/libc.a(lib_a-fini.o)
                0x000000000002d3f8                __libc_fini_array
 .text._malloc_trim_r
                0x000000000002d424       0xa0 /opt/gcc-arm-none-eabi-9-2020-q2-update/bin/../lib/gcc/arm-none-eabi/9.3.1/../../../../arm-none-eabi/lib/thumb/v7e-m+fp/hard/libc.a(lib_a-freer.o)
                0x000000000002d424                _malloc_trim_r
 .text._free_r  0x000000000002d4c4      0x208 /opt/gcc-arm-none-eabi-9-2020-q2-update/bin/../lib/gcc/arm-none-eabi/9.3.1/../../../../arm-none-eabi/lib/thumb/v7e-m+fp/hard/libc.a(lib_a-freer.o)
                0x000000000002d4c4                _free_r
 .text._fwalk_reent
                0x000000000002d6cc       0x48 /opt/gcc-arm-none-eabi-9-2020-q2-update/bin/../lib/gcc/arm-none-eabi/9.3.1/../../../../arm-none-eabi/lib/thumb/v7e-m+fp/hard/libc.a(lib_a-fwalk.o)
                0x000000000002d6cc                _fwalk_reent
 .text._localeconv_r
                0x000000000002d714        0x8 /opt/gcc-arm-none-eabi-9-2020-q2-update/bin/../lib/gcc/arm-none-eabi/9.3.1/../../../../arm-none-eabi/lib/thumb/v7e-m+fp/hard/libc.a(lib_a-localeconv.o)
                0x000000000002d714                _localeconv_r
 .text.__retarget_lock_init_recursive
                0x000000000002d71c        0x4 /opt/gcc-arm-none-eabi-9-2020-q2-update/bin/../lib/gcc/arm-none-eabi/9.3.1/../../../../arm-none-eabi/lib/thumb/v7e-m+fp/hard/libc.a(lib_a-lock.o)
                0x000000000002d71c                __retarget_lock_init_recursive
 .text.__retarget_lock_close_recursive
                0x000000000002d720        0x4 /opt/gcc-arm-none-eabi-9-2020-q2-update/bin/../lib/gcc/arm-none-eabi/9.3.1/../../../../arm-none-eabi/lib/thumb/v7e-m+fp/hard/libc.a(lib_a-lock.o)
                0x000000000002d720                __retarget_lock_close_recursive
 .text.__retarget_lock_acquire_recursive
                0x000000000002d724        0x4 /opt/gcc-arm-none-eabi-9-2020-q2-update/bin/../lib/gcc/arm-none-eabi/9.3.1/../../../../arm-none-eabi/lib/thumb/v7e-m+fp/hard/libc.a(lib_a-lock.o)
                0x000000000002d724                __retarget_lock_acquire_recursive
 .text.__retarget_lock_release_recursive
                0x000000000002d728        0x4 /opt/gcc-arm-none-eabi-9-2020-q2-update/bin/../lib/gcc/arm-none-eabi/9.3.1/../../../../arm-none-eabi/lib/thumb/v7e-m+fp/hard/libc.a(lib_a-lock.o)
                0x000000000002d728                __retarget_lock_release_recursive
 .text.__swhatbuf_r
                0x000000000002d72c       0x5c /opt/gcc-arm-none-eabi-9-2020-q2-update/bin/../lib/gcc/arm-none-eabi/9.3.1/../../../../arm-none-eabi/lib/thumb/v7e-m+fp/hard/libc.a(lib_a-makebuf.o)
                0x000000000002d72c                __swhatbuf_r
 .text.__smakebuf_r
                0x000000000002d788       0x98 /opt/gcc-arm-none-eabi-9-2020-q2-update/bin/../lib/gcc/arm-none-eabi/9.3.1/../../../../arm-none-eabi/lib/thumb/v7e-m+fp/hard/libc.a(lib_a-makebuf.o)
                0x000000000002d788                __smakebuf_r
 .text.malloc   0x000000000002d820       0x10 /opt/gcc-arm-none-eabi-9-2020-q2-update/bin/../lib/gcc/arm-none-eabi/9.3.1/../../../../arm-none-eabi/lib/thumb/v7e-m+fp/hard/libc.a(lib_a-malloc.o)
                0x000000000002d820                malloc
 .text._malloc_r
                0x000000000002d830      0x574 /opt/gcc-arm-none-eabi-9-2020-q2-update/bin/../lib/gcc/arm-none-eabi/9.3.1/../../../../arm-none-eabi/lib/thumb/v7e-m+fp/hard/libc.a(lib_a-mallocr.o)
                0x000000000002d830                _malloc_r
 *fill*         0x000000000002dda4        0xc 
 .text          0x000000000002ddb0       0xa0 /opt/gcc-arm-none-eabi-9-2020-q2-update/bin/../lib/gcc/arm-none-eabi/9.3.1/../../../../arm-none-eabi/lib/thumb/v7e-m+fp/hard/libc.a(lib_a-memchr.o)
                0x000000000002ddb0                memchr
 .text.__malloc_lock
                0x000000000002de50        0xc /opt/gcc-arm-none-eabi-9-2020-q2-update/bin/../lib/gcc/arm-none-eabi/9.3.1/../../../../arm-none-eabi/lib/thumb/v7e-m+fp/hard/libc.a(lib_a-mlock.o)
                0x000000000002de50                __malloc_lock
 .text.__malloc_unlock
                0x000000000002de5c        0xc /opt/gcc-arm-none-eabi-9-2020-q2-update/bin/../lib/gcc/arm-none-eabi/9.3.1/../../../../arm-none-eabi/lib/thumb/v7e-m+fp/hard/libc.a(lib_a-mlock.o)
                0x000000000002de5c                __malloc_unlock
 .text._Balloc  0x000000000002de68       0x4c /opt/gcc-arm-none-eabi-9-2020-q2-update/bin/../lib/gcc/arm-none-eabi/9.3.1/../../../../arm-none-eabi/lib/thumb/v7e-m+fp/hard/libc.a(lib_a-mprec.o)
                0x000000000002de68                _Balloc
 .text._Bfree   0x000000000002deb4       0x14 /opt/gcc-arm-none-eabi-9-2020-q2-update/bin/../lib/gcc/arm-none-eabi/9.3.1/../../../../arm-none-eabi/lib/thumb/v7e-m+fp/hard/libc.a(lib_a-mprec.o)
                0x000000000002deb4                _Bfree
 .text.__multadd
                0x000000000002dec8       0xac /opt/gcc-arm-none-eabi-9-2020-q2-update/bin/../lib/gcc/arm-none-eabi/9.3.1/../../../../arm-none-eabi/lib/thumb/v7e-m+fp/hard/libc.a(lib_a-mprec.o)
                0x000000000002dec8                __multadd
 .text.__hi0bits
                0x000000000002df74       0x40 /opt/gcc-arm-none-eabi-9-2020-q2-update/bin/../lib/gcc/arm-none-eabi/9.3.1/../../../../arm-none-eabi/lib/thumb/v7e-m+fp/hard/libc.a(lib_a-mprec.o)
                0x000000000002df74                __hi0bits
 .text.__lo0bits
                0x000000000002dfb4       0x60 /opt/gcc-arm-none-eabi-9-2020-q2-update/bin/../lib/gcc/arm-none-eabi/9.3.1/../../../../arm-none-eabi/lib/thumb/v7e-m+fp/hard/libc.a(lib_a-mprec.o)
                0x000000000002dfb4                __lo0bits
 .text.__i2b    0x000000000002e014       0x2c /opt/gcc-arm-none-eabi-9-2020-q2-update/bin/../lib/gcc/arm-none-eabi/9.3.1/../../../../arm-none-eabi/lib/thumb/v7e-m+fp/hard/libc.a(lib_a-mprec.o)
                0x000000000002e014                __i2b
 .text.__multiply
                0x000000000002e040      0x160 /opt/gcc-arm-none-eabi-9-2020-q2-update/bin/../lib/gcc/arm-none-eabi/9.3.1/../../../../arm-none-eabi/lib/thumb/v7e-m+fp/hard/libc.a(lib_a-mprec.o)
                0x000000000002e040                __multiply
 .text.__pow5mult
                0x000000000002e1a0       0x98 /opt/gcc-arm-none-eabi-9-2020-q2-update/bin/../lib/gcc/arm-none-eabi/9.3.1/../../../../arm-none-eabi/lib/thumb/v7e-m+fp/hard/libc.a(lib_a-mprec.o)
                0x000000000002e1a0                __pow5mult
 .text.__lshift
                0x000000000002e238       0xe8 /opt/gcc-arm-none-eabi-9-2020-q2-update/bin/../lib/gcc/arm-none-eabi/9.3.1/../../../../arm-none-eabi/lib/thumb/v7e-m+fp/hard/libc.a(lib_a-mprec.o)
                0x000000000002e238                __lshift
 .text.__mcmp   0x000000000002e320       0x3c /opt/gcc-arm-none-eabi-9-2020-q2-update/bin/../lib/gcc/arm-none-eabi/9.3.1/../../../../arm-none-eabi/lib/thumb/v7e-m+fp/hard/libc.a(lib_a-mprec.o)
                0x000000000002e320                __mcmp
 .text.__mdiff  0x000000000002e35c      0x148 /opt/gcc-arm-none-eabi-9-2020-q2-update/bin/../lib/gcc/arm-none-eabi/9.3.1/../../../../arm-none-eabi/lib/thumb/v7e-m+fp/hard/libc.a(lib_a-mprec.o)
                0x000000000002e35c                __mdiff
 .text.__d2b    0x000000000002e4a4       0xd0 /opt/gcc-arm-none-eabi-9-2020-q2-update/bin/../lib/gcc/arm-none-eabi/9.3.1/../../../../arm-none-eabi/lib/thumb/v7e-m+fp/hard/libc.a(lib_a-mprec.o)
                0x000000000002e4a4                __d2b
 .text.frexp    0x000000000002e574       0x6c /opt/gcc-arm-none-eabi-9-2020-q2-update/bin/../lib/gcc/arm-none-eabi/9.3.1/../../../../arm-none-eabi/lib/thumb/v7e-m+fp/hard/libc.a(lib_a-s_frexp.o)
                0x000000000002e574                frexp
 .text._sbrk_r  0x000000000002e5e0       0x24 /opt/gcc-arm-none-eabi-9-2020-q2-update/bin/../lib/gcc/arm-none-eabi/9.3.1/../../../../arm-none-eabi/lib/thumb/v7e-m+fp/hard/libc.a(lib_a-sbrkr.o)
                0x000000000002e5e0                _sbrk_r
 .text.__sread  0x000000000002e604       0x24 /opt/gcc-arm-none-eabi-9-2020-q2-update/bin/../lib/gcc/arm-none-eabi/9.3.1/../../../../arm-none-eabi/lib/thumb/v7e-m+fp/hard/libc.a(lib_a-stdio.o)
                0x000000000002e604                __sread
 .text.__swrite
                0x000000000002e628       0x40 /opt/gcc-arm-none-eabi-9-2020-q2-update/bin/../lib/gcc/arm-none-eabi/9.3.1/../../../../arm-none-eabi/lib/thumb/v7e-m+fp/hard/libc.a(lib_a-stdio.o)
                0x000000000002e628                __swrite
 .text.__sseek  0x000000000002e668       0x20 /opt/gcc-arm-none-eabi-9-2020-q2-update/bin/../lib/gcc/arm-none-eabi/9.3.1/../../../../arm-none-eabi/lib/thumb/v7e-m+fp/hard/libc.a(lib_a-stdio.o)
                0x000000000002e668                __sseek
 .text.__sclose
                0x000000000002e688        0x8 /opt/gcc-arm-none-eabi-9-2020-q2-update/bin/../lib/gcc/arm-none-eabi/9.3.1/../../../../arm-none-eabi/lib/thumb/v7e-m+fp/hard/libc.a(lib_a-stdio.o)
                0x000000000002e688                __sclose
 .text.strncpy  0x000000000002e690       0x68 /opt/gcc-arm-none-eabi-9-2020-q2-update/bin/../lib/gcc/arm-none-eabi/9.3.1/../../../../arm-none-eabi/lib/thumb/v7e-m+fp/hard/libc.a(lib_a-strncpy.o)
                0x000000000002e690                strncpy
 .text.__sprint_r.part.0
                0x000000000002e6f8       0x78 /opt/gcc-arm-none-eabi-9-2020-q2-update/bin/../lib/gcc/arm-none-eabi/9.3.1/../../../../arm-none-eabi/lib/thumb/v7e-m+fp/hard/libc.a(lib_a-vfiprintf.o)
 .text.__sprint_r
                0x000000000002e770       0x18 /opt/gcc-arm-none-eabi-9-2020-q2-update/bin/../lib/gcc/arm-none-eabi/9.3.1/../../../../arm-none-eabi/lib/thumb/v7e-m+fp/hard/libc.a(lib_a-vfiprintf.o)
                0x000000000002e770                __sprint_r
 .text._vfiprintf_r
                0x000000000002e788      0xd4c /opt/gcc-arm-none-eabi-9-2020-q2-update/bin/../lib/gcc/arm-none-eabi/9.3.1/../../../../arm-none-eabi/lib/thumb/v7e-m+fp/hard/libc.a(lib_a-vfiprintf.o)
                0x000000000002e788                _vfiprintf_r
 .text.__sbprintf
                0x000000000002f4d4       0x84 /opt/gcc-arm-none-eabi-9-2020-q2-update/bin/../lib/gcc/arm-none-eabi/9.3.1/../../../../arm-none-eabi/lib/thumb/v7e-m+fp/hard/libc.a(lib_a-vfiprintf.o)
 .text.__register_exitproc
                0x000000000002f558       0x8c /opt/gcc-arm-none-eabi-9-2020-q2-update/bin/../lib/gcc/arm-none-eabi/9.3.1/../../../../arm-none-eabi/lib/thumb/v7e-m+fp/hard/libc.a(lib_a-__atexit.o)
                0x000000000002f558                __register_exitproc
 .text.__assert_func
                0x000000000002f5e4       0x3c /opt/gcc-arm-none-eabi-9-2020-q2-update/bin/../lib/gcc/arm-none-eabi/9.3.1/../../../../arm-none-eabi/lib/thumb/v7e-m+fp/hard/libc.a(lib_a-assert.o)
                0x000000000002f5e4                __assert_func
 .text._calloc_r
                0x000000000002f620       0x60 /opt/gcc-arm-none-eabi-9-2020-q2-update/bin/../lib/gcc/arm-none-eabi/9.3.1/../../../../arm-none-eabi/lib/thumb/v7e-m+fp/hard/libc.a(lib_a-callocr.o)
                0x000000000002f620                _calloc_r
 .text._close_r
                0x000000000002f680       0x24 /opt/gcc-arm-none-eabi-9-2020-q2-update/bin/../lib/gcc/arm-none-eabi/9.3.1/../../../../arm-none-eabi/lib/thumb/v7e-m+fp/hard/libc.a(lib_a-closer.o)
                0x000000000002f680                _close_r
 .text._fclose_r
                0x000000000002f6a4       0xcc /opt/gcc-arm-none-eabi-9-2020-q2-update/bin/../lib/gcc/arm-none-eabi/9.3.1/../../../../arm-none-eabi/lib/thumb/v7e-m+fp/hard/libc.a(lib_a-fclose.o)
                0x000000000002f6a4                _fclose_r
 .text.fiprintf
                0x000000000002f770       0x28 /opt/gcc-arm-none-eabi-9-2020-q2-update/bin/../lib/gcc/arm-none-eabi/9.3.1/../../../../arm-none-eabi/lib/thumb/v7e-m+fp/hard/libc.a(lib_a-fiprintf.o)
                0x000000000002f770                fiprintf
 .text.__fputwc
                0x000000000002f798       0xa8 /opt/gcc-arm-none-eabi-9-2020-q2-update/bin/../lib/gcc/arm-none-eabi/9.3.1/../../../../arm-none-eabi/lib/thumb/v7e-m+fp/hard/libc.a(lib_a-fputwc.o)
                0x000000000002f798                __fputwc
 .text._fputwc_r
                0x000000000002f840       0x68 /opt/gcc-arm-none-eabi-9-2020-q2-update/bin/../lib/gcc/arm-none-eabi/9.3.1/../../../../arm-none-eabi/lib/thumb/v7e-m+fp/hard/libc.a(lib_a-fputwc.o)
                0x000000000002f840                _fputwc_r
 .text._fstat_r
                0x000000000002f8a8       0x2c /opt/gcc-arm-none-eabi-9-2020-q2-update/bin/../lib/gcc/arm-none-eabi/9.3.1/../../../../arm-none-eabi/lib/thumb/v7e-m+fp/hard/libc.a(lib_a-fstatr.o)
                0x000000000002f8a8                _fstat_r
 .text.__sfvwrite_r
                0x000000000002f8d4      0x2e0 /opt/gcc-arm-none-eabi-9-2020-q2-update/bin/../lib/gcc/arm-none-eabi/9.3.1/../../../../arm-none-eabi/lib/thumb/v7e-m+fp/hard/libc.a(lib_a-fvwrite.o)
                0x000000000002f8d4                __sfvwrite_r
 .text._isatty_r
                0x000000000002fbb4       0x24 /opt/gcc-arm-none-eabi-9-2020-q2-update/bin/../lib/gcc/arm-none-eabi/9.3.1/../../../../arm-none-eabi/lib/thumb/v7e-m+fp/hard/libc.a(lib_a-isattyr.o)
                0x000000000002fbb4                _isatty_r
 .text.__locale_mb_cur_max
                0x000000000002fbd8        0xc /opt/gcc-arm-none-eabi-9-2020-q2-update/bin/../lib/gcc/arm-none-eabi/9.3.1/../../../../arm-none-eabi/lib/thumb/v7e-m+fp/hard/libc.a(lib_a-locale.o)
                0x000000000002fbd8                __locale_mb_cur_max
 .text._lseek_r
                0x000000000002fbe4       0x2c /opt/gcc-arm-none-eabi-9-2020-q2-update/bin/../lib/gcc/arm-none-eabi/9.3.1/../../../../arm-none-eabi/lib/thumb/v7e-m+fp/hard/libc.a(lib_a-lseekr.o)
                0x000000000002fbe4                _lseek_r
 .text.__ascii_mbtowc
                0x000000000002fc10       0x2c /opt/gcc-arm-none-eabi-9-2020-q2-update/bin/../lib/gcc/arm-none-eabi/9.3.1/../../../../arm-none-eabi/lib/thumb/v7e-m+fp/hard/libc.a(lib_a-mbtowc_r.o)
                0x000000000002fc10                __ascii_mbtowc
 .text.memmove  0x000000000002fc3c       0xd8 /opt/gcc-arm-none-eabi-9-2020-q2-update/bin/../lib/gcc/arm-none-eabi/9.3.1/../../../../arm-none-eabi/lib/thumb/v7e-m+fp/hard/libc.a(lib_a-memmove.o)
                0x000000000002fc3c                memmove
 .text._read_r  0x000000000002fd14       0x2c /opt/gcc-arm-none-eabi-9-2020-q2-update/bin/../lib/gcc/arm-none-eabi/9.3.1/../../../../arm-none-eabi/lib/thumb/v7e-m+fp/hard/libc.a(lib_a-readr.o)
                0x000000000002fd14                _read_r
 .text._realloc_r
                0x000000000002fd40      0x3e0 /opt/gcc-arm-none-eabi-9-2020-q2-update/bin/../lib/gcc/arm-none-eabi/9.3.1/../../../../arm-none-eabi/lib/thumb/v7e-m+fp/hard/libc.a(lib_a-reallocr.o)
                0x000000000002fd40                _realloc_r
 .text.__swbuf_r
                0x0000000000030120       0xb0 /opt/gcc-arm-none-eabi-9-2020-q2-update/bin/../lib/gcc/arm-none-eabi/9.3.1/../../../../arm-none-eabi/lib/thumb/v7e-m+fp/hard/libc.a(lib_a-wbuf.o)
                0x0000000000030120                __swbuf_r
 .text._wcrtomb_r
                0x00000000000301d0       0x3c /opt/gcc-arm-none-eabi-9-2020-q2-update/bin/../lib/gcc/arm-none-eabi/9.3.1/../../../../arm-none-eabi/lib/thumb/v7e-m+fp/hard/libc.a(lib_a-wcrtomb.o)
                0x00000000000301d0                _wcrtomb_r
 .text.__ascii_wctomb
                0x000000000003020c       0x1c /opt/gcc-arm-none-eabi-9-2020-q2-update/bin/../lib/gcc/arm-none-eabi/9.3.1/../../../../arm-none-eabi/lib/thumb/v7e-m+fp/hard/libc.a(lib_a-wctomb_r.o)
                0x000000000003020c                __ascii_wctomb
 .text.abort    0x0000000000030228       0x10 /opt/gcc-arm-none-eabi-9-2020-q2-update/bin/../lib/gcc/arm-none-eabi/9.3.1/../../../../arm-none-eabi/lib/thumb/v7e-m+fp/hard/libc.a(lib_a-abort.o)
                0x0000000000030228                abort
 .text._raise_r
                0x0000000000030238       0x58 /opt/gcc-arm-none-eabi-9-2020-q2-update/bin/../lib/gcc/arm-none-eabi/9.3.1/../../../../arm-none-eabi/lib/thumb/v7e-m+fp/hard/libc.a(lib_a-signal.o)
                0x0000000000030238                _raise_r
 .text.raise    0x0000000000030290       0x10 /opt/gcc-arm-none-eabi-9-2020-q2-update/bin/../lib/gcc/arm-none-eabi/9.3.1/../../../../arm-none-eabi/lib/thumb/v7e-m+fp/hard/libc.a(lib_a-signal.o)
                0x0000000000030290                raise
 .text._kill_r  0x00000000000302a0       0x2c /opt/gcc-arm-none-eabi-9-2020-q2-update/bin/../lib/gcc/arm-none-eabi/9.3.1/../../../../arm-none-eabi/lib/thumb/v7e-m+fp/hard/libc.a(lib_a-signalr.o)
                0x00000000000302a0                _kill_r
 .text._getpid_r
                0x00000000000302cc        0x4 /opt/gcc-arm-none-eabi-9-2020-q2-update/bin/../lib/gcc/arm-none-eabi/9.3.1/../../../../arm-none-eabi/lib/thumb/v7e-m+fp/hard/libc.a(lib_a-signalr.o)
                0x00000000000302cc                _getpid_r
 .text._close   0x00000000000302d0       0x10 /opt/gcc-arm-none-eabi-9-2020-q2-update/bin/../lib/gcc/arm-none-eabi/9.3.1/../../../../arm-none-eabi/lib/thumb/v7e-m+fp/hard/libnosys.a(close.o)
                0x00000000000302d0                _close
 .text._fstat   0x00000000000302e0       0x10 /opt/gcc-arm-none-eabi-9-2020-q2-update/bin/../lib/gcc/arm-none-eabi/9.3.1/../../../../arm-none-eabi/lib/thumb/v7e-m+fp/hard/libnosys.a(fstat.o)
                0x00000000000302e0                _fstat
 .text._getpid  0x00000000000302f0       0x10 /opt/gcc-arm-none-eabi-9-2020-q2-update/bin/../lib/gcc/arm-none-eabi/9.3.1/../../../../arm-none-eabi/lib/thumb/v7e-m+fp/hard/libnosys.a(getpid.o)
                0x00000000000302f0                _getpid
 .text._isatty  0x0000000000030300       0x10 /opt/gcc-arm-none-eabi-9-2020-q2-update/bin/../lib/gcc/arm-none-eabi/9.3.1/../../../../arm-none-eabi/lib/thumb/v7e-m+fp/hard/libnosys.a(isatty.o)
                0x0000000000030300                _isatty
 .text._kill    0x0000000000030310       0x10 /opt/gcc-arm-none-eabi-9-2020-q2-update/bin/../lib/gcc/arm-none-eabi/9.3.1/../../../../arm-none-eabi/lib/thumb/v7e-m+fp/hard/libnosys.a(kill.o)
                0x0000000000030310                _kill
 .text._lseek   0x0000000000030320       0x10 /opt/gcc-arm-none-eabi-9-2020-q2-update/bin/../lib/gcc/arm-none-eabi/9.3.1/../../../../arm-none-eabi/lib/thumb/v7e-m+fp/hard/libnosys.a(lseek.o)
                0x0000000000030320                _lseek
 .text._read    0x0000000000030330       0x10 /opt/gcc-arm-none-eabi-9-2020-q2-update/bin/../lib/gcc/arm-none-eabi/9.3.1/../../../../arm-none-eabi/lib/thumb/v7e-m+fp/hard/libnosys.a(read.o)
                0x0000000000030330                _read
 .text._sbrk    0x0000000000030340       0x1c /opt/gcc-arm-none-eabi-9-2020-q2-update/bin/../lib/gcc/arm-none-eabi/9.3.1/../../../../arm-none-eabi/lib/thumb/v7e-m+fp/hard/libnosys.a(sbrk.o)
                0x0000000000030340                _sbrk
 .text._exit    0x000000000003035c        0x4 /opt/gcc-arm-none-eabi-9-2020-q2-update/bin/../lib/gcc/arm-none-eabi/9.3.1/../../../../arm-none-eabi/lib/thumb/v7e-m+fp/hard/libnosys.a(_exit.o)
                0x000000000003035c                _exit
 .text          0x0000000000030360      0x378 /opt/gcc-arm-none-eabi-9-2020-q2-update/bin/../lib/gcc/arm-none-eabi/9.3.1/thumb/v7e-m+fp/hard/libgcc.a(_arm_addsubdf3.o)
                0x0000000000030360                __aeabi_drsub
                0x0000000000030368                __aeabi_dsub
                0x0000000000030368                __subdf3
                0x000000000003036c                __adddf3
                0x000000000003036c                __aeabi_dadd
                0x00000000000305e4                __aeabi_ui2d
                0x00000000000305e4                __floatunsidf
                0x0000000000030604                __floatsidf
                0x0000000000030604                __aeabi_i2d
                0x0000000000030628                __extendsfdf2
                0x0000000000030628                __aeabi_f2d
                0x000000000003066c                __aeabi_ul2d
                0x000000000003066c                __floatundidf
                0x000000000003067c                __floatdidf
                0x000000000003067c                __aeabi_l2d
 .text          0x00000000000306d8      0x424 /opt/gcc-arm-none-eabi-9-2020-q2-update/bin/../lib/gcc/arm-none-eabi/9.3.1/thumb/v7e-m+fp/hard/libgcc.a(_arm_muldivdf3.o)
                0x00000000000306d8                __aeabi_dmul
                0x00000000000306d8                __muldf3
                0x000000000003092c                __aeabi_ddiv
                0x000000000003092c                __divdf3
 .text          0x0000000000030afc      0x110 /opt/gcc-arm-none-eabi-9-2020-q2-update/bin/../lib/gcc/arm-none-eabi/9.3.1/thumb/v7e-m+fp/hard/libgcc.a(_arm_cmpdf2.o)
                0x0000000000030afc                __gtdf2
                0x0000000000030afc                __gedf2
                0x0000000000030b04                __ltdf2
                0x0000000000030b04                __ledf2
                0x0000000000030b0c                __cmpdf2
                0x0000000000030b0c                __eqdf2
                0x0000000000030b0c                __nedf2
                0x0000000000030b88                __aeabi_cdrcmple
                0x0000000000030b98                __aeabi_cdcmple
                0x0000000000030b98                __aeabi_cdcmpeq
                0x0000000000030ba8                __aeabi_dcmpeq
                0x0000000000030bbc                __aeabi_dcmplt
                0x0000000000030bd0                __aeabi_dcmple
                0x0000000000030be4                __aeabi_dcmpge
                0x0000000000030bf8                __aeabi_dcmpgt
 .text          0x0000000000030c0c       0x2c /opt/gcc-arm-none-eabi-9-2020-q2-update/bin/../lib/gcc/arm-none-eabi/9.3.1/thumb/v7e-m+fp/hard/libgcc.a(_arm_unorddf2.o)
                0x0000000000030c0c                __aeabi_dcmpun
                0x0000000000030c0c                __unorddf2
 .text          0x0000000000030c38       0x50 /opt/gcc-arm-none-eabi-9-2020-q2-update/bin/../lib/gcc/arm-none-eabi/9.3.1/thumb/v7e-m+fp/hard/libgcc.a(_arm_fixdfsi.o)
                0x0000000000030c38                __fixdfsi
                0x0000000000030c38                __aeabi_d2iz
 .text          0x0000000000030c88       0x30 /opt/gcc-arm-none-eabi-9-2020-q2-update/bin/../lib/gcc/arm-none-eabi/9.3.1/thumb/v7e-m+fp/hard/libgcc.a(_aeabi_uldivmod.o)
                0x0000000000030c88                __aeabi_uldivmod
 .text          0x0000000000030cb8      0x2c4 /opt/gcc-arm-none-eabi-9-2020-q2-update/bin/../lib/gcc/arm-none-eabi/9.3.1/thumb/v7e-m+fp/hard/libgcc.a(_udivmoddi4.o)
                0x0000000000030cb8                __udivmoddi4
 .text          0x0000000000030f7c        0x4 /opt/gcc-arm-none-eabi-9-2020-q2-update/bin/../lib/gcc/arm-none-eabi/9.3.1/thumb/v7e-m+fp/hard/libgcc.a(_dvmd_tls.o)
                0x0000000000030f7c                __aeabi_ldiv0
                0x0000000000030f7c                __aeabi_idiv0
 *(.init)
 .init          0x0000000000030f80        0x4 /opt/gcc-arm-none-eabi-9-2020-q2-update/bin/../lib/gcc/arm-none-eabi/9.3.1/thumb/v7e-m+fp/hard/crti.o
                0x0000000000030f80                _init
 .init          0x0000000000030f84        0x8 /opt/gcc-arm-none-eabi-9-2020-q2-update/bin/../lib/gcc/arm-none-eabi/9.3.1/thumb/v7e-m+fp/hard/crtn.o
 *(.fini)
 .fini          0x0000000000030f8c        0x4 /opt/gcc-arm-none-eabi-9-2020-q2-update/bin/../lib/gcc/arm-none-eabi/9.3.1/thumb/v7e-m+fp/hard/crti.o
                0x0000000000030f8c                _fini
 .fini          0x0000000000030f90        0x8 /opt/gcc-arm-none-eabi-9-2020-q2-update/bin/../lib/gcc/arm-none-eabi/9.3.1/thumb/v7e-m+fp/hard/crtn.o
 *crtbegin.o(.ctors)
 *crtbegin?.o(.ctors)
 *(EXCLUDE_FILE(*crtend.o *crtend?.o) .ctors)
 *(SORT_BY_NAME(.ctors.*))
 *(.ctors)
 *crtbegin.o(.dtors)
 *crtbegin?.o(.dtors)
 *(EXCLUDE_FILE(*crtend.o *crtend?.o) .dtors)
 *(SORT_BY_NAME(.dtors.*))
 *(.dtors)
 *(.rodata*)
 .rodata.ble_evt_adv_report.str1.1
                0x0000000000030f98       0x1c _build/main.o
 .rodata.str1.1
                0x0000000000030fb4        0xa _build/main.o
 .rodata.app_error_fault_handler.str1.1
                0x0000000000030fbe       0xb7 _build/better_error_handling.o
 *fill*         0x0000000000031075        0xb 
 .rodata.delay_machine_code.9129
                0x0000000000031080        0x6 _build/better_error_handling.o
 .rodata._DoInit.str1.1
                0x0000000000031086       0x14 _build/SEGGER_RTT.o
 *fill*         0x000000000003109a        0x6 
 .rodata.delay_machine_code.9773
                0x00000000000310a0        0x6 _build/app_timer.o
 .rodata.app_util_critical_region_enter.str1.1
                0x00000000000310a6       0x55 _build/app_util_platform.o
 .rodata.HardFault_c_handler.str1.1
                0x00000000000310fb      0x12e _build/hardfault_implementation.o
 .rodata.str1.1
                0x0000000000031229      0x4c0 _build/hardfault_implementation.o
 *fill*         0x00000000000316e9        0x3 
 .rodata.cfsr_msgs.9968
                0x00000000000316ec       0x68 _build/hardfault_implementation.o
 .rodata.nrf_balloc_init.str1.1
                0x0000000000031754       0x50 _build/nrf_balloc.o
 .rodata.nrf_drv_clock_uninit.str1.1
                0x00000000000317a4       0x4f _build/nrf_drv_clock.o
 .rodata.str1.1
                0x00000000000317f3        0x6 _build/nrf_drv_clock.o
 .rodata.str1.1
                0x00000000000317f9        0xd _build/nrf_fstorage.o
 .rodata.buf_prealloc.str1.1
                0x0000000000031806       0x57 _build/nrf_log_frontend.o
 .rodata.nrf_log_frontend_dequeue.str1.1
                0x000000000003185d       0x11 _build/nrf_log_frontend.o
 .rodata.str1.1
                0x000000000003186e        0x4 _build/nrf_log_frontend.o
 .rodata.memobj_op.str1.1
                0x0000000000031872       0x50 _build/nrf_memobj.o
 .rodata.str1.1
                0x00000000000318c2        0x9 _build/nrf_pwr_mgmt.o
 *fill*         0x00000000000318cb        0x1 
 .rodata.pwr_mgmt_data
                0x00000000000318cc        0xc _build/nrf_pwr_mgmt.o
 .rodata.nrf_section_iter_init.str1.1
                0x00000000000318d8       0x69 _build/nrf_section_iter.o
 .rodata.str1.1
                0x0000000000031941      0x3ba _build/nrf_strerror.o
 .rodata.m_unknown_str
                0x0000000000031cfb       0x13 _build/nrf_strerror.o
 *fill*         0x0000000000031d0e        0x2 
 .rodata.nrf_strerror_array
                0x0000000000031d10      0x128 _build/nrf_strerror.o
 .rodata.nrfx_clock_init.str1.1
                0x0000000000031e38       0x4d _build/nrfx_clock.o
 .rodata.str1.1
                0x0000000000031e85        0x6 _build/nrfx_clock.o
 .rodata.nrf_gpio_pin_port_decode.str1.1
                0x0000000000031e8b       0x43 _build/nrfx_gpiote.o
 .rodata.nrfx_gpiote_out_init.str1.1
                0x0000000000031ece       0x4e _build/nrfx_gpiote.o
 .rodata.str1.1
                0x0000000000031f1c        0x7 _build/nrfx_gpiote.o
 .rodata.str1.1
                0x0000000000031f23        0x4 _build/nrfx_ppi.o
 .rodata.UARTE0_UART0_IRQHandler.str1.1
                0x0000000000031f27       0x4f _build/nrfx_prs.o
 .rodata.str1.1
                0x0000000000031f76        0x4 _build/nrfx_prs.o
 .rodata.str1.1
                0x0000000000031f7a        0x4 _build/nrfx_pwm.o
 .rodata.str1.1
                0x0000000000031f7e        0x6 _build/nrfx_saadc.o
 .rodata.nrf_gpio_pin_port_decode.str1.1
                0x0000000000031f84       0x43 _build/nrfx_spim.o
 .rodata.SPIM1_SPIS1_TWIM1_TWIS1_SPI1_TWI1_IRQHandler.str1.1
                0x0000000000031f84       0x4c _build/nrfx_spim.o
 .rodata.str1.1
                0x0000000000031fd0        0x5 _build/nrfx_spim.o
 .rodata.str1.1
                0x0000000000031fd5        0x6 _build/nrfx_timer.o
 .rodata.SPIM0_SPIS0_TWIM0_TWIS0_SPI0_TWI0_IRQHandler.str1.1
                0x0000000000031fdb       0x4c _build/nrfx_twim.o
 .rodata.str1.1
                0x0000000000032027        0x5 _build/nrfx_twim.o
 .rodata.str1.1
                0x000000000003202c        0x5 _build/nrfx_uart.o
 .rodata.str1.1
                0x0000000000032031        0x6 _build/nrfx_uarte.o
 .rodata.data_length_update.str1.1
                0x0000000000032037       0xdf _build/nrf_ble_gatt.o
 .rodata.nrf_ble_gatt_on_ble_evt.str1.1
                0x0000000000032116       0x60 _build/nrf_ble_gatt.o
 .rodata.str1.1
                0x0000000000032176        0xd _build/nrf_ble_gatt.o
 .rodata.softdevices_evt_irq_enable.str1.1
                0x0000000000032183       0x4e _build/nrf_sdh.o
 .rodata.str1.1
                0x00000000000321d1        0x8 _build/nrf_sdh.o
 .rodata        0x00000000000321d9        0x4 _build/nrf_sdh.o
 *fill*         0x00000000000321dd        0x3 
 .rodata.sdh_req_observers
                0x00000000000321e0        0xc _build/nrf_sdh.o
 .rodata.sdh_stack_observers
                0x00000000000321ec        0xc _build/nrf_sdh.o
 .rodata.sdh_state_observers
                0x00000000000321f8        0xc _build/nrf_sdh.o
 .rodata.nrf_sdh_ble_evts_poll.part.0.str1.1
                0x0000000000032204       0x52 _build/nrf_sdh_ble.o
 .rodata.nrf_sdh_ble_default_cfg_set.str1.1
                0x0000000000032256      0x1c9 _build/nrf_sdh_ble.o
 .rodata.nrf_sdh_ble_enable.str1.1
                0x000000000003241f       0xa7 _build/nrf_sdh_ble.o
 .rodata.str1.1
                0x00000000000324c6        0xc _build/nrf_sdh_ble.o
 *fill*         0x00000000000324d2        0x2 
 .rodata.sdh_ble_observers
                0x00000000000324d4        0xc _build/nrf_sdh_ble.o
 .rodata.on_ble_evt.str1.1
                0x00000000000324e0       0x51 _build/simple_ble.o
 .rodata.assert_nrf_callback.str1.1
                0x0000000000032531       0x25 _build/simple_ble.o
 .rodata.simple_ble_init.str1.1
                0x0000000000032556       0x4b _build/simple_ble.o
 *fill*         0x00000000000325a1        0x3 
 .rodata._ctype_
                0x00000000000325a4      0x101 /opt/gcc-arm-none-eabi-9-2020-q2-update/bin/../lib/gcc/arm-none-eabi/9.3.1/../../../../arm-none-eabi/lib/thumb/v7e-m+fp/hard/libc.a(lib_a-ctype_.o)
                0x00000000000325a4                _ctype_
 *fill*         0x00000000000326a5        0x3 
 .rodata._global_impure_ptr
                0x00000000000326a8        0x4 /opt/gcc-arm-none-eabi-9-2020-q2-update/bin/../lib/gcc/arm-none-eabi/9.3.1/../../../../arm-none-eabi/lib/thumb/v7e-m+fp/hard/libc.a(lib_a-impure.o)
                0x00000000000326a8                _global_impure_ptr
 .rodata._vfprintf_r.str1.4
                0x00000000000326ac       0x42 /opt/gcc-arm-none-eabi-9-2020-q2-update/bin/../lib/gcc/arm-none-eabi/9.3.1/../../../../arm-none-eabi/lib/thumb/v7e-m+fp/hard/libc.a(lib_a-vfprintf.o)
 *fill*         0x00000000000326ee        0x2 
 .rodata.blanks.8713
                0x00000000000326f0       0x10 /opt/gcc-arm-none-eabi-9-2020-q2-update/bin/../lib/gcc/arm-none-eabi/9.3.1/../../../../arm-none-eabi/lib/thumb/v7e-m+fp/hard/libc.a(lib_a-vfprintf.o)
 .rodata.zeroes.8714
                0x0000000000032700       0x10 /opt/gcc-arm-none-eabi-9-2020-q2-update/bin/../lib/gcc/arm-none-eabi/9.3.1/../../../../arm-none-eabi/lib/thumb/v7e-m+fp/hard/libc.a(lib_a-vfprintf.o)
 .rodata._dtoa_r.str1.4
                0x0000000000032710       0xa0 /opt/gcc-arm-none-eabi-9-2020-q2-update/bin/../lib/gcc/arm-none-eabi/9.3.1/../../../../arm-none-eabi/lib/thumb/v7e-m+fp/hard/libc.a(lib_a-dtoa.o)
                                         0xa4 (size before relaxing)
 .rodata.__multadd.str1.4
                0x00000000000327b0       0x7d /opt/gcc-arm-none-eabi-9-2020-q2-update/bin/../lib/gcc/arm-none-eabi/9.3.1/../../../../arm-none-eabi/lib/thumb/v7e-m+fp/hard/libc.a(lib_a-mprec.o)
                                         0x91 (size before relaxing)
 *fill*         0x000000000003282d        0x3 
 .rodata.__mprec_bigtens
                0x0000000000032830       0x28 /opt/gcc-arm-none-eabi-9-2020-q2-update/bin/../lib/gcc/arm-none-eabi/9.3.1/../../../../arm-none-eabi/lib/thumb/v7e-m+fp/hard/libc.a(lib_a-mprec.o)
                0x0000000000032830                __mprec_bigtens
 .rodata.__mprec_tens
                0x0000000000032858       0xc8 /opt/gcc-arm-none-eabi-9-2020-q2-update/bin/../lib/gcc/arm-none-eabi/9.3.1/../../../../arm-none-eabi/lib/thumb/v7e-m+fp/hard/libc.a(lib_a-mprec.o)
                0x0000000000032858                __mprec_tens
 .rodata.p05.7485
                0x0000000000032920        0xc /opt/gcc-arm-none-eabi-9-2020-q2-update/bin/../lib/gcc/arm-none-eabi/9.3.1/../../../../arm-none-eabi/lib/thumb/v7e-m+fp/hard/libc.a(lib_a-mprec.o)
 .rodata._vfiprintf_r.str1.4
                0x000000000003292c       0x2f /opt/gcc-arm-none-eabi-9-2020-q2-update/bin/../lib/gcc/arm-none-eabi/9.3.1/../../../../arm-none-eabi/lib/thumb/v7e-m+fp/hard/libc.a(lib_a-vfiprintf.o)
 .rodata.blanks.8691
                0x000000000003292c       0x10 /opt/gcc-arm-none-eabi-9-2020-q2-update/bin/../lib/gcc/arm-none-eabi/9.3.1/../../../../arm-none-eabi/lib/thumb/v7e-m+fp/hard/libc.a(lib_a-vfiprintf.o)
 .rodata.zeroes.8692
                0x000000000003293c       0x10 /opt/gcc-arm-none-eabi-9-2020-q2-update/bin/../lib/gcc/arm-none-eabi/9.3.1/../../../../arm-none-eabi/lib/thumb/v7e-m+fp/hard/libc.a(lib_a-vfiprintf.o)
 .rodata.__assert_func.str1.4
                0x000000000003294c       0x3f /opt/gcc-arm-none-eabi-9-2020-q2-update/bin/../lib/gcc/arm-none-eabi/9.3.1/../../../../arm-none-eabi/lib/thumb/v7e-m+fp/hard/libc.a(lib_a-assert.o)
                                         0x43 (size before relaxing)
 *fill*         0x000000000003298b        0x1 
 .rodata._setlocale_r.str1.4
                0x000000000003298c        0xa /opt/gcc-arm-none-eabi-9-2020-q2-update/bin/../lib/gcc/arm-none-eabi/9.3.1/../../../../arm-none-eabi/lib/thumb/v7e-m+fp/hard/libc.a(lib_a-locale.o)
                                          0xd (size before relaxing)
 *fill*         0x0000000000032996        0x2 
 .rodata.str1.4
                0x0000000000032998        0x2 /opt/gcc-arm-none-eabi-9-2020-q2-update/bin/../lib/gcc/arm-none-eabi/9.3.1/../../../../arm-none-eabi/lib/thumb/v7e-m+fp/hard/libc.a(lib_a-locale.o)
 *(.eh_frame*)
 *fill*         0x000000000003299a        0x2 
 .eh_frame      0x000000000003299c        0x0 /opt/gcc-arm-none-eabi-9-2020-q2-update/bin/../lib/gcc/arm-none-eabi/9.3.1/thumb/v7e-m+fp/hard/crtbegin.o
 .eh_frame      0x000000000003299c        0x4 /opt/gcc-arm-none-eabi-9-2020-q2-update/bin/../lib/gcc/arm-none-eabi/9.3.1/thumb/v7e-m+fp/hard/crtend.o

.glue_7         0x00000000000329a0        0x0
 .glue_7        0x00000000000329a0        0x0 linker stubs

.glue_7t        0x00000000000329a0        0x0
 .glue_7t       0x00000000000329a0        0x0 linker stubs

.vfp11_veneer   0x00000000000329a0        0x0
 .vfp11_veneer  0x00000000000329a0        0x0 linker stubs

.v4_bx          0x00000000000329a0        0x0
 .v4_bx         0x00000000000329a0        0x0 linker stubs

.iplt           0x00000000000329a0        0x0
 .iplt          0x00000000000329a0        0x0 /opt/gcc-arm-none-eabi-9-2020-q2-update/bin/../lib/gcc/arm-none-eabi/9.3.1/thumb/v7e-m+fp/hard/crtbegin.o

.mem_section_dummy_rom

.sdh_soc_observers
                0x00000000000329a0       0x10
                [!provide]                        PROVIDE (__start_sdh_soc_observers = .)
 *(SORT_BY_NAME(.sdh_soc_observers*))
 .sdh_soc_observers0
                0x00000000000329a0        0x8 _build/nrf_drv_clock.o
 .sdh_soc_observers1
                0x00000000000329a8        0x8 _build/simple_ble.o
                [!provide]                        PROVIDE (__stop_sdh_soc_observers = .)

.crypto_data    0x00000000000329b0        0x0
                [!provide]                        PROVIDE (__start_crypto_data = .)
 *(SORT_BY_NAME(.crypto_data*))
                [!provide]                        PROVIDE (__stop_crypto_data = .)

.log_const_data
                0x00000000000329b0       0x98
                0x00000000000329b0                PROVIDE (__start_log_const_data = .)
 *(SORT_BY_NAME(.log_const_data*))
 .log_const_data_CLOCK
                0x00000000000329b0        0x8 _build/nrfx_clock.o
                0x00000000000329b0                m_nrf_log_CLOCK_logs_data_const
 .log_const_data_GPIOTE
                0x00000000000329b8        0x8 _build/nrfx_gpiote.o
                0x00000000000329b8                m_nrf_log_GPIOTE_logs_data_const
 .log_const_data_PPI
                0x00000000000329c0        0x8 _build/nrfx_ppi.o
                0x00000000000329c0                m_nrf_log_PPI_logs_data_const
 .log_const_data_PRS
                0x00000000000329c8        0x8 _build/nrfx_prs.o
                0x00000000000329c8                m_nrf_log_PRS_logs_data_const
 .log_const_data_PWM
                0x00000000000329d0        0x8 _build/nrfx_pwm.o
                0x00000000000329d0                m_nrf_log_PWM_logs_data_const
 .log_const_data_SAADC
                0x00000000000329d8        0x8 _build/nrfx_saadc.o
                0x00000000000329d8                m_nrf_log_SAADC_logs_data_const
 .log_const_data_SPIM
                0x00000000000329e0        0x8 _build/nrfx_spim.o
                0x00000000000329e0                m_nrf_log_SPIM_logs_data_const
 .log_const_data_TIMER
                0x00000000000329e8        0x8 _build/nrfx_timer.o
                0x00000000000329e8                m_nrf_log_TIMER_logs_data_const
 .log_const_data_TWIM
                0x00000000000329f0        0x8 _build/nrfx_twim.o
                0x00000000000329f0                m_nrf_log_TWIM_logs_data_const
 .log_const_data_UART
                0x00000000000329f8        0x8 _build/nrfx_uart.o
                0x00000000000329f8                m_nrf_log_UART_logs_data_const
 .log_const_data_UARTE
                0x0000000000032a00        0x8 _build/nrfx_uarte.o
                0x0000000000032a00                m_nrf_log_UARTE_logs_data_const
 .log_const_data_app
                0x0000000000032a08        0x8 _build/nrf_log_frontend.o
                0x0000000000032a08                m_nrf_log_app_logs_data_const
 .log_const_data_clock
                0x0000000000032a10        0x8 _build/nrf_drv_clock.o
                0x0000000000032a10                m_nrf_log_clock_logs_data_const
 .log_const_data_hardfault
                0x0000000000032a18        0x8 _build/hardfault_implementation.o
                0x0000000000032a18                m_nrf_log_hardfault_logs_data_const
 .log_const_data_nrf_ble_gatt
                0x0000000000032a20        0x8 _build/nrf_ble_gatt.o
                0x0000000000032a20                m_nrf_log_nrf_ble_gatt_logs_data_const
 .log_const_data_nrf_fstorage
                0x0000000000032a28        0x8 _build/nrf_fstorage.o
                0x0000000000032a28                m_nrf_log_nrf_fstorage_logs_data_const
 .log_const_data_nrf_sdh
                0x0000000000032a30        0x8 _build/nrf_sdh.o
                0x0000000000032a30                m_nrf_log_nrf_sdh_logs_data_const
 .log_const_data_nrf_sdh_ble
                0x0000000000032a38        0x8 _build/nrf_sdh_ble.o
                0x0000000000032a38                m_nrf_log_nrf_sdh_ble_logs_data_const
 .log_const_data_pwr_mgmt
                0x0000000000032a40        0x8 _build/nrf_pwr_mgmt.o
                0x0000000000032a40                m_nrf_log_pwr_mgmt_logs_data_const
                0x0000000000032a48                PROVIDE (__stop_log_const_data = .)

.nrf_balloc     0x0000000000032a48       0x14
                [!provide]                        PROVIDE (__start_nrf_balloc = .)
 *(.nrf_balloc)
 .nrf_balloc    0x0000000000032a48       0x14 _build/nrf_log_frontend.o
                0x0000000000032a48                log_mempool
                [!provide]                        PROVIDE (__stop_nrf_balloc = .)

.nrf_queue      0x0000000000032a5c        0x0
                [!provide]                        PROVIDE (__start_nrf_queue = .)
 *(.nrf_queue)
                [!provide]                        PROVIDE (__stop_nrf_queue = .)

.sdh_state_observers
                0x0000000000032a5c        0x8
                0x0000000000032a5c                PROVIDE (__start_sdh_state_observers = .)
 *(SORT_BY_NAME(.sdh_state_observers*))
 .sdh_state_observers0
                0x0000000000032a5c        0x8 _build/nrf_drv_clock.o
                0x0000000000032a64                PROVIDE (__stop_sdh_state_observers = .)

.sdh_stack_observers
                0x0000000000032a64        0x8
                0x0000000000032a64                PROVIDE (__start_sdh_stack_observers = .)
 *(SORT_BY_NAME(.sdh_stack_observers*))
 .sdh_stack_observers0
                0x0000000000032a64        0x8 _build/nrf_sdh_ble.o
                0x0000000000032a6c                PROVIDE (__stop_sdh_stack_observers = .)

.sdh_req_observers
                0x0000000000032a6c        0x0
                0x0000000000032a6c                PROVIDE (__start_sdh_req_observers = .)
 *(SORT_BY_NAME(.sdh_req_observers*))
                0x0000000000032a6c                PROVIDE (__stop_sdh_req_observers = .)

.cli_command    0x0000000000032a6c        0x0
                [!provide]                        PROVIDE (__start_cli_command = .)
 *(.cli_command)
                [!provide]                        PROVIDE (__stop_cli_command = .)

.pwr_mgmt_data  0x0000000000032a6c        0x0
                0x0000000000032a6c                PROVIDE (__start_pwr_mgmt_data = .)
 *(SORT_BY_NAME(.pwr_mgmt_data*))
                0x0000000000032a6c                PROVIDE (__stop_pwr_mgmt_data = .)

.sdh_ble_observers
                0x0000000000032a6c       0x28
                0x0000000000032a6c                PROVIDE (__start_sdh_ble_observers = .)
 *(SORT_BY_NAME(.sdh_ble_observers*))
 .sdh_ble_observers1
                0x0000000000032a6c        0x8 _build/ble_conn_params.o
 .sdh_ble_observers1
                0x0000000000032a74       0x10 _build/simple_ble.o
 .sdh_ble_observers2
                0x0000000000032a84        0x8 _build/simple_ble.o
 .sdh_ble_observers3
                0x0000000000032a8c        0x8 _build/simple_ble.o
                0x0000000000032a94                PROVIDE (__stop_sdh_ble_observers = .)

.dfu_trans      0x0000000000032a94        0x0
                [!provide]                        PROVIDE (__start_dfu_trans = .)
 *(SORT_BY_NAME(.dfu_trans*))
                [!provide]                        PROVIDE (__stop_dfu_trans = .)

.ARM.extab
 *(.ARM.extab* .gnu.linkonce.armextab.*)
                0x0000000000032a94                __exidx_start = .

.ARM.exidx      0x0000000000032a94        0x8
 *(.ARM.exidx* .gnu.linkonce.armexidx.*)
 .ARM.exidx     0x0000000000032a94        0x8 /opt/gcc-arm-none-eabi-9-2020-q2-update/bin/../lib/gcc/arm-none-eabi/9.3.1/../../../../arm-none-eabi/lib/thumb/v7e-m+fp/hard/crt0.o
                                         0x10 (size before relaxing)
 .ARM.exidx     0x0000000000032a9c        0x0 /opt/gcc-arm-none-eabi-9-2020-q2-update/bin/../lib/gcc/arm-none-eabi/9.3.1/thumb/v7e-m+fp/hard/libgcc.a(_udivmoddi4.o)
                                          0x8 (size before relaxing)
                0x0000000000032a9c                __exidx_end = .
                0x0000000000032a9c                __etext = .

.rel.dyn        0x0000000000032a9c        0x0
 .rel.iplt      0x0000000000032a9c        0x0 /opt/gcc-arm-none-eabi-9-2020-q2-update/bin/../lib/gcc/arm-none-eabi/9.3.1/thumb/v7e-m+fp/hard/crtbegin.o

.data           0x00000000200094b8      0x9f0 load address 0x0000000000032a9c
                0x00000000200094b8                __data_start__ = .
 *(vtable)
 *(.data*)
 .data.ble_config
                0x00000000200094b8       0x10 _build/main.o
 .data.m_adv_uuids
                0x00000000200094c8        0x4 _build/simple_ble.o
 .data.m_scan_buffer
                0x00000000200094cc        0x8 _build/simple_ble.o
 .data.m_scan_params.13160
                0x00000000200094d4        0xe _build/simple_ble.o
 *fill*         0x00000000200094e2        0x2 
 .data.SystemCoreClock
                0x00000000200094e4        0x4 _build/system_nrf52840.o
                0x00000000200094e4                SystemCoreClock
 .data._impure_ptr
                0x00000000200094e8        0x4 /opt/gcc-arm-none-eabi-9-2020-q2-update/bin/../lib/gcc/arm-none-eabi/9.3.1/../../../../arm-none-eabi/lib/thumb/v7e-m+fp/hard/libc.a(lib_a-impure.o)
                0x00000000200094e8                _impure_ptr
 *fill*         0x00000000200094ec        0x4 
 .data.impure_data
                0x00000000200094f0      0x428 /opt/gcc-arm-none-eabi-9-2020-q2-update/bin/../lib/gcc/arm-none-eabi/9.3.1/../../../../arm-none-eabi/lib/thumb/v7e-m+fp/hard/libc.a(lib_a-impure.o)
 .data.__atexit_recursive_mutex
                0x0000000020009918        0x4 /opt/gcc-arm-none-eabi-9-2020-q2-update/bin/../lib/gcc/arm-none-eabi/9.3.1/../../../../arm-none-eabi/lib/thumb/v7e-m+fp/hard/libc.a(lib_a-__call_atexit.o)
                0x0000000020009918                __atexit_recursive_mutex
 .data.__malloc_av_
                0x000000002000991c      0x408 /opt/gcc-arm-none-eabi-9-2020-q2-update/bin/../lib/gcc/arm-none-eabi/9.3.1/../../../../arm-none-eabi/lib/thumb/v7e-m+fp/hard/libc.a(lib_a-mallocr.o)
                0x000000002000991c                __malloc_av_
 .data.__malloc_sbrk_base
                0x0000000020009d24        0x4 /opt/gcc-arm-none-eabi-9-2020-q2-update/bin/../lib/gcc/arm-none-eabi/9.3.1/../../../../arm-none-eabi/lib/thumb/v7e-m+fp/hard/libc.a(lib_a-mallocr.o)
                0x0000000020009d24                __malloc_sbrk_base
 .data.__malloc_trim_threshold
                0x0000000020009d28        0x4 /opt/gcc-arm-none-eabi-9-2020-q2-update/bin/../lib/gcc/arm-none-eabi/9.3.1/../../../../arm-none-eabi/lib/thumb/v7e-m+fp/hard/libc.a(lib_a-mallocr.o)
                0x0000000020009d28                __malloc_trim_threshold
 .data.__global_locale
                0x0000000020009d2c      0x16c /opt/gcc-arm-none-eabi-9-2020-q2-update/bin/../lib/gcc/arm-none-eabi/9.3.1/../../../../arm-none-eabi/lib/thumb/v7e-m+fp/hard/libc.a(lib_a-locale.o)
                0x0000000020009d2c                __global_locale
                0x0000000020009e98                . = ALIGN (0x4)
                0x0000000020009e98                PROVIDE (__preinit_array_start = .)
 *(.preinit_array)
                0x0000000020009e98                PROVIDE (__preinit_array_end = .)
                0x0000000020009e98                . = ALIGN (0x4)
                0x0000000020009e98                PROVIDE (__init_array_start = .)
 *(SORT_BY_NAME(.init_array.*))
 .init_array.00000
                0x0000000020009e98        0x4 /opt/gcc-arm-none-eabi-9-2020-q2-update/bin/../lib/gcc/arm-none-eabi/9.3.1/../../../../arm-none-eabi/lib/thumb/v7e-m+fp/hard/libc.a(lib_a-__call_atexit.o)
 *(.init_array)
 .init_array    0x0000000020009e9c        0x4 /opt/gcc-arm-none-eabi-9-2020-q2-update/bin/../lib/gcc/arm-none-eabi/9.3.1/thumb/v7e-m+fp/hard/crtbegin.o
 .init_array    0x0000000020009ea0        0x4 _build/before_startup.o
                0x0000000020009ea4                PROVIDE (__init_array_end = .)
                0x0000000020009ea4                . = ALIGN (0x4)
                0x0000000020009ea4                PROVIDE (__fini_array_start = .)
 *(SORT_BY_NAME(.fini_array.*))
 *(.fini_array)
 .fini_array    0x0000000020009ea4        0x4 /opt/gcc-arm-none-eabi-9-2020-q2-update/bin/../lib/gcc/arm-none-eabi/9.3.1/thumb/v7e-m+fp/hard/crtbegin.o
                0x0000000020009ea8                PROVIDE (__fini_array_end = .)
 *(.jcr*)
                0x0000000020009ea8                . = ALIGN (0x4)
                0x0000000020009ea8                __data_end__ = .
LOAD /opt/gcc-arm-none-eabi-9-2020-q2-update/bin/../lib/gcc/arm-none-eabi/9.3.1/thumb/v7e-m+fp/hard/crti.o
LOAD /opt/gcc-arm-none-eabi-9-2020-q2-update/bin/../lib/gcc/arm-none-eabi/9.3.1/thumb/v7e-m+fp/hard/crtbegin.o
LOAD /opt/gcc-arm-none-eabi-9-2020-q2-update/bin/../lib/gcc/arm-none-eabi/9.3.1/../../../../arm-none-eabi/lib/thumb/v7e-m+fp/hard/crt0.o
START GROUP
LOAD _build/main.o
LOAD _build/better_error_handling.o
LOAD _build/SEGGER_RTT.o
LOAD _build/SEGGER_RTT_Syscalls_GCC.o
LOAD _build/SEGGER_RTT_printf.o
LOAD _build/app_error.o
LOAD _build/app_error_handler_gcc.o
LOAD _build/app_pwm.o
LOAD _build/app_scheduler.o
LOAD _build/app_timer.o
LOAD _build/app_uart.o
LOAD _build/app_util_platform.o
LOAD _build/before_startup.o
LOAD _build/hardfault_handler_gcc.o
LOAD _build/hardfault_implementation.o
LOAD _build/nrf_assert.o
LOAD _build/nrf_atomic.o
LOAD _build/nrf_balloc.o
LOAD _build/nrf_drv_clock.o
LOAD _build/nrf_drv_ppi.o
LOAD _build/nrf_drv_spi.o
LOAD _build/nrf_drv_twi.o
LOAD _build/nrf_drv_uart.o
LOAD _build/nrf_fprintf.o
LOAD _build/nrf_fprintf_format.o
LOAD _build/nrf_fstorage.o
LOAD _build/nrf_log_backend_rtt.o
LOAD _build/nrf_log_backend_serial.o
LOAD _build/nrf_log_backend_uart.o
LOAD _build/nrf_log_default_backends.o
LOAD _build/nrf_log_frontend.o
LOAD _build/nrf_log_str_formatter.o
LOAD _build/nrf_memobj.o
LOAD _build/nrf_nvmc.o
LOAD _build/nrf_pwr_mgmt.o
LOAD _build/nrf_queue.o
LOAD _build/nrf_ringbuf.o
LOAD _build/nrf_section_iter.o
LOAD _build/nrf_serial.o
LOAD _build/nrf_strerror.o
LOAD _build/nrf_twi_mngr.o
LOAD _build/nrfx_clock.o
LOAD _build/nrfx_gpiote.o
LOAD _build/nrfx_ppi.o
LOAD _build/nrfx_prs.o
LOAD _build/nrfx_pwm.o
LOAD _build/nrfx_saadc.o
LOAD _build/nrfx_spi.o
LOAD _build/nrfx_spim.o
LOAD _build/nrfx_timer.o
LOAD _build/nrfx_twi.o
LOAD _build/nrfx_twim.o
LOAD _build/nrfx_uart.o
LOAD _build/nrfx_uarte.o
LOAD _build/ble_advdata.o
LOAD _build/ble_advertising.o
LOAD _build/ble_conn_params.o
LOAD _build/ble_srv_common.o
LOAD _build/nrf_ble_gatt.o
LOAD _build/nrf_ble_qwr.o
LOAD _build/nrf_sdh.o
LOAD _build/nrf_sdh_ble.o
LOAD _build/simple_ble.o
LOAD _build/system_nrf52840.o
LOAD _build/app_error_weak.o
LOAD _build/gcc_startup_nrf52840.os
LOAD /opt/gcc-arm-none-eabi-9-2020-q2-update/bin/../lib/gcc/arm-none-eabi/9.3.1/../../../../arm-none-eabi/lib/thumb/v7e-m+fp/hard/libc.a
LOAD /opt/gcc-arm-none-eabi-9-2020-q2-update/bin/../lib/gcc/arm-none-eabi/9.3.1/../../../../arm-none-eabi/lib/thumb/v7e-m+fp/hard/libnosys.a
LOAD /opt/gcc-arm-none-eabi-9-2020-q2-update/bin/../lib/gcc/arm-none-eabi/9.3.1/../../../../arm-none-eabi/lib/thumb/v7e-m+fp/hard/libm.a
LOAD /opt/gcc-arm-none-eabi-9-2020-q2-update/bin/../lib/gcc/arm-none-eabi/9.3.1/../../../../arm-none-eabi/lib/thumb/v7e-m+fp/hard/libstdc++.a
END GROUP
START GROUP
LOAD /opt/gcc-arm-none-eabi-9-2020-q2-update/bin/../lib/gcc/arm-none-eabi/9.3.1/thumb/v7e-m+fp/hard/libgcc.a
LOAD /opt/gcc-arm-none-eabi-9-2020-q2-update/bin/../lib/gcc/arm-none-eabi/9.3.1/../../../../arm-none-eabi/lib/thumb/v7e-m+fp/hard/libc.a
END GROUP
LOAD /opt/gcc-arm-none-eabi-9-2020-q2-update/bin/../lib/gcc/arm-none-eabi/9.3.1/thumb/v7e-m+fp/hard/crtend.o
LOAD /opt/gcc-arm-none-eabi-9-2020-q2-update/bin/../lib/gcc/arm-none-eabi/9.3.1/thumb/v7e-m+fp/hard/crtn.o
START GROUP
LOAD /opt/gcc-arm-none-eabi-9-2020-q2-update/bin/../lib/gcc/arm-none-eabi/9.3.1/thumb/v7e-m+fp/hard/libgcc.a
LOAD /opt/gcc-arm-none-eabi-9-2020-q2-update/bin/../lib/gcc/arm-none-eabi/9.3.1/../../../../arm-none-eabi/lib/thumb/v7e-m+fp/hard/libc.a
LOAD /opt/gcc-arm-none-eabi-9-2020-q2-update/bin/../lib/gcc/arm-none-eabi/9.3.1/../../../../arm-none-eabi/lib/thumb/v7e-m+fp/hard/libnosys.a
END GROUP

.igot.plt       0x0000000020009ea8        0x0 load address 0x000000000003348c
 .igot.plt      0x0000000020009ea8        0x0 /opt/gcc-arm-none-eabi-9-2020-q2-update/bin/../lib/gcc/arm-none-eabi/9.3.1/thumb/v7e-m+fp/hard/crtbegin.o

.bootloader_settings_page
                0x00000000000ff000        0x0
                [!provide]                        PROVIDE (__start_bootloader_settings_page = .)
 *(SORT_BY_NAME(.bootloader_settings_page*))
                [!provide]                        PROVIDE (__stop_bootloader_settings_page = .)

.uicr_bootloader_start_address
                0x0000000010001014        0x0
                [!provide]                        PROVIDE (__start_uicr_bootloader_start_address = .)
 *(SORT_BY_NAME(.uicr_bootloader_start_address*))
                [!provide]                        PROVIDE (__stop_uicr_bootloader_start_address = .)
                0x0000000010001014                . = ALIGN (0x4)

.mem_section_dummy_ram

.log_dynamic_data
                0x0000000020009ea8        0x0
                0x0000000020009ea8                PROVIDE (__start_log_dynamic_data = .)
 *(SORT_BY_NAME(.log_dynamic_data*))
                [!provide]                        PROVIDE (__stop_log_dynamic_data = .)

.cli_sorted_cmd_ptrs
                0x0000000020009ea8        0x0
                [!provide]                        PROVIDE (__start_cli_sorted_cmd_ptrs = .)
 *(.cli_sorted_cmd_ptrs)
                [!provide]                        PROVIDE (__stop_cli_sorted_cmd_ptrs = .)

.fs_data        0x0000000020009ea8        0x0
                0x0000000020009ea8                PROVIDE (__start_fs_data = .)
 *(.fs_data)
                0x0000000020009ea8                PROVIDE (__stop_fs_data = .)

.bss            0x0000000020009ea8      0xd80 load address 0x000000000003348c
                0x0000000020009ea8                . = ALIGN (0x4)
                0x0000000020009ea8                __bss_start__ = .
 *(.bss*)
 .bss           0x0000000020009ea8       0x1c /opt/gcc-arm-none-eabi-9-2020-q2-update/bin/../lib/gcc/arm-none-eabi/9.3.1/thumb/v7e-m+fp/hard/crtbegin.o
 .bss._acDownBuffer
                0x0000000020009ec4       0x10 _build/SEGGER_RTT.o
 .bss._acUpBuffer
                0x0000000020009ed4      0x200 _build/SEGGER_RTT.o
 .bss.m_op_queue
                0x000000002000a0d4      0x10c _build/app_timer.o
 .bss.m_rtc1_reset
                0x000000002000a1e0        0x1 _build/app_timer.o
 .bss.m_rtc1_running
                0x000000002000a1e1        0x1 _build/app_timer.o
 *fill*         0x000000002000a1e2        0x2 
 .bss.m_ticks_elapsed
                0x000000002000a1e4        0x8 _build/app_timer.o
 .bss.m_ticks_elapsed_q_read_ind
                0x000000002000a1ec        0x1 _build/app_timer.o
 .bss.m_ticks_elapsed_q_write_ind
                0x000000002000a1ed        0x1 _build/app_timer.o
 *fill*         0x000000002000a1ee        0x2 
 .bss.m_ticks_latest
                0x000000002000a1f0        0x4 _build/app_timer.o
 .bss.mp_timer_id_head
                0x000000002000a1f4        0x4 _build/app_timer.o
 .bss.m_clock_cb
                0x000000002000a1f8       0x14 _build/nrf_drv_clock.o
 .bss.log_mempool_nrf_balloc_cb
                0x000000002000a20c        0x8 _build/nrf_log_frontend.o
 .bss.log_mempool_nrf_balloc_pool_mem
                0x000000002000a214       0xc0 _build/nrf_log_frontend.o
 .bss.log_mempool_nrf_balloc_pool_stack
                0x000000002000a2d4        0x8 _build/nrf_log_frontend.o
 .bss.m_log_data
                0x000000002000a2dc      0x424 _build/nrf_log_frontend.o
 .bss.m_handlers_iter
                0x000000002000a700        0x8 _build/nrf_pwr_mgmt.o
 .bss.m_shutdown_started
                0x000000002000a708        0x1 _build/nrf_pwr_mgmt.o
 *fill*         0x000000002000a709        0x3 
 .bss.m_sysoff_mtx
                0x000000002000a70c        0x4 _build/nrf_pwr_mgmt.o
 .bss.m_clock_cb
                0x000000002000a710        0x8 _build/nrfx_clock.o
 .bss.m_cb      0x000000002000a718       0x6c _build/nrfx_gpiote.o
 .bss.m_prs_box_4
                0x000000002000a784        0x8 _build/nrfx_prs.o
 .bss.m_cb      0x000000002000a78c       0x18 _build/nrfx_pwm.o
 .bss.m_cb      0x000000002000a7a4       0x30 _build/nrfx_saadc.o
 .bss.m_cb      0x000000002000a7d4       0x24 _build/nrfx_spim.o
 .bss.m_cb      0x000000002000a7f8       0x18 _build/nrfx_timer.o
 .bss.m_cb      0x000000002000a810       0x34 _build/nrfx_twim.o
 .bss.m_conn_params_config
                0x000000002000a844       0x1c _build/ble_conn_params.o
 .bss.m_conn_params_instances
                0x000000002000a860       0x14 _build/ble_conn_params.o
 .bss.m_preferred_conn_params
                0x000000002000a874        0x8 _build/ble_conn_params.o
 .bss.m_timer_data
                0x000000002000a87c       0x20 _build/ble_conn_params.o
 .bss.m_nrf_sdh_continue
                0x000000002000a89c        0x1 _build/nrf_sdh.o
 .bss.m_nrf_sdh_enabled
                0x000000002000a89d        0x1 _build/nrf_sdh.o
 .bss.m_nrf_sdh_suspended
                0x000000002000a89e        0x1 _build/nrf_sdh.o
 .bss.m_stack_is_enabled
                0x000000002000a89f        0x1 _build/nrf_sdh_ble.o
 .bss.ble_config
                0x000000002000a8a0        0x4 _build/simple_ble.o
 .bss.m_advertising
                0x000000002000a8a4      0x258 _build/simple_ble.o
 .bss.m_gatt    0x000000002000aafc       0x14 _build/simple_ble.o
 .bss.m_qwr     0x000000002000ab10        0xc _build/simple_ble.o
 .bss.scan_buffer
                0x000000002000ab1c       0x1f _build/simple_ble.o
 *fill*         0x000000002000ab3b        0x1 
 .bss.__malloc_current_mallinfo
                0x000000002000ab3c       0x28 /opt/gcc-arm-none-eabi-9-2020-q2-update/bin/../lib/gcc/arm-none-eabi/9.3.1/../../../../arm-none-eabi/lib/thumb/v7e-m+fp/hard/libc.a(lib_a-mallocr.o)
                0x000000002000ab3c                __malloc_current_mallinfo
 .bss.__malloc_max_sbrked_mem
                0x000000002000ab64        0x4 /opt/gcc-arm-none-eabi-9-2020-q2-update/bin/../lib/gcc/arm-none-eabi/9.3.1/../../../../arm-none-eabi/lib/thumb/v7e-m+fp/hard/libc.a(lib_a-mallocr.o)
                0x000000002000ab64                __malloc_max_sbrked_mem
 .bss.__malloc_max_total_mem
                0x000000002000ab68        0x4 /opt/gcc-arm-none-eabi-9-2020-q2-update/bin/../lib/gcc/arm-none-eabi/9.3.1/../../../../arm-none-eabi/lib/thumb/v7e-m+fp/hard/libc.a(lib_a-mallocr.o)
                0x000000002000ab68                __malloc_max_total_mem
 .bss.__malloc_top_pad
                0x000000002000ab6c        0x4 /opt/gcc-arm-none-eabi-9-2020-q2-update/bin/../lib/gcc/arm-none-eabi/9.3.1/../../../../arm-none-eabi/lib/thumb/v7e-m+fp/hard/libc.a(lib_a-mallocr.o)
                0x000000002000ab6c                __malloc_top_pad
 .bss.heap_end.5507
                0x000000002000ab70        0x4 /opt/gcc-arm-none-eabi-9-2020-q2-update/bin/../lib/gcc/arm-none-eabi/9.3.1/../../../../arm-none-eabi/lib/thumb/v7e-m+fp/hard/libnosys.a(sbrk.o)
 *(COMMON)
 COMMON         0x000000002000ab74        0x4 _build/main.o
                0x000000002000ab74                simple_ble_app
 COMMON         0x000000002000ab78       0x78 _build/SEGGER_RTT.o
                0x000000002000ab78                _SEGGER_RTT
 COMMON         0x000000002000abf0        0xc _build/app_util_platform.o
                0x000000002000abf0                nrf_nvic_state
 COMMON         0x000000002000abfc        0x2 _build/simple_ble.o
                0x000000002000abfc                app
 *fill*         0x000000002000abfe        0x2 
 COMMON         0x000000002000ac00       0x21 /opt/gcc-arm-none-eabi-9-2020-q2-update/bin/../lib/gcc/arm-none-eabi/9.3.1/../../../../arm-none-eabi/lib/thumb/v7e-m+fp/hard/libc.a(lib_a-lock.o)
                0x000000002000ac00                __lock___atexit_recursive_mutex